Component: Arm Compiler for Embedded 6.24 Tool: armlink [5f371500]

==============================================================================

Section Cross References

    pfpa.o(.ARM.exidx.text.PFPA_Init) refers to pfpa.o(.text.PFPA_Init) for [Anonymous Symbol]
    gpio.o(.ARM.exidx.text.GPIO_Init) refers to gpio.o(.text.GPIO_Init) for [Anonymous Symbol]
    wdt.o(.ARM.exidx.text.WDT_IRQHandler) refers to wdt.o(.text.WDT_IRQHandler) for [Anonymous Symbol]
    wdt.o(.text.WDT_Init) refers to wdt.o(.text.WDT_ReloadValue) for WDT_ReloadValue
    wdt.o(.ARM.exidx.text.WDT_Init) refers to wdt.o(.text.WDT_Init) for [Anonymous Symbol]
    wdt.o(.ARM.exidx.text.WDT_ReloadValue) refers to wdt.o(.text.WDT_ReloadValue) for [Anonymous Symbol]
    wdt.o(.text.WDT_NvicEnable) refers to wdt.o(.text.__NVIC_ClearPendingIRQ) for __NVIC_ClearPendingIRQ
    wdt.o(.text.WDT_NvicEnable) refers to wdt.o(.text.__NVIC_EnableIRQ) for __NVIC_EnableIRQ
    wdt.o(.text.WDT_NvicEnable) refers to wdt.o(.text.__NVIC_SetPriority) for __NVIC_SetPriority
    wdt.o(.ARM.exidx.text.WDT_NvicEnable) refers to wdt.o(.text.WDT_NvicEnable) for [Anonymous Symbol]
    wdt.o(.ARM.exidx.text.__NVIC_ClearPendingIRQ) refers to wdt.o(.text.__NVIC_ClearPendingIRQ) for [Anonymous Symbol]
    wdt.o(.ARM.exidx.text.__NVIC_EnableIRQ) refers to wdt.o(.text.__NVIC_EnableIRQ) for [Anonymous Symbol]
    wdt.o(.ARM.exidx.text.__NVIC_SetPriority) refers to wdt.o(.text.__NVIC_SetPriority) for [Anonymous Symbol]
    wdt.o(.text.WDT_NvicDisable) refers to wdt.o(.text.__NVIC_DisableIRQ) for __NVIC_DisableIRQ
    wdt.o(.ARM.exidx.text.WDT_NvicDisable) refers to wdt.o(.text.WDT_NvicDisable) for [Anonymous Symbol]
    wdt.o(.ARM.exidx.text.__NVIC_DisableIRQ) refers to wdt.o(.text.__NVIC_DisableIRQ) for [Anonymous Symbol]
    utility.o(.ARM.exidx.text.UT_DelayNx10us) refers to utility.o(.text.UT_DelayNx10us) for [Anonymous Symbol]
    utility.o(.text.UT_DelayNms) refers to utility.o(.text.UT_DelayNx10us) for UT_DelayNx10us
    utility.o(.ARM.exidx.text.UT_DelayNms) refers to utility.o(.text.UT_DelayNms) for [Anonymous Symbol]
    keyscan.o(.ARM.exidx.text.KeyScan) refers to keyscan.o(.text.KeyScan) for [Anonymous Symbol]
    keyscan.o(.text.KeyScan_Update) refers to keyscan.o(.text.KeyScan) for KeyScan
    keyscan.o(.text.KeyScan_Update) refers to keyscan.o(.bss.key_last) for [Anonymous Symbol]
    keyscan.o(.text.KeyScan_Update) refers to keyscan.o(.bss.key_press_edge) for [Anonymous Symbol]
    keyscan.o(.ARM.exidx.text.KeyScan_Update) refers to keyscan.o(.text.KeyScan_Update) for [Anonymous Symbol]
    keyscan.o(.text.SW3_Pressed) refers to keyscan.o(.bss.key_press_edge) for [Anonymous Symbol]
    keyscan.o(.ARM.exidx.text.SW3_Pressed) refers to keyscan.o(.text.SW3_Pressed) for [Anonymous Symbol]
    keyscan.o(.text.SW6_Pressed) refers to keyscan.o(.bss.key_press_edge) for [Anonymous Symbol]
    keyscan.o(.ARM.exidx.text.SW6_Pressed) refers to keyscan.o(.text.SW6_Pressed) for [Anonymous Symbol]
    keyscan.o(.text.SW10_Pressed) refers to keyscan.o(.bss.key_press_edge) for [Anonymous Symbol]
    keyscan.o(.ARM.exidx.text.SW10_Pressed) refers to keyscan.o(.text.SW10_Pressed) for [Anonymous Symbol]
    keyscan.o(.text.SW16_Pressed) refers to keyscan.o(.bss.key_press_edge) for [Anonymous Symbol]
    keyscan.o(.ARM.exidx.text.SW16_Pressed) refers to keyscan.o(.text.SW16_Pressed) for [Anonymous Symbol]
    fsm.o(.text.FSM_Init) refers to buzzer.o(.text.Buzzer_Stop) for Buzzer_Stop
    fsm.o(.text.FSM_Init) refers to eeprom.o(.text.EEPROM_AlarmLoad) for EEPROM_AlarmLoad
    fsm.o(.text.FSM_Init) refers to fsm.o(.text.UpdateDisplay) for UpdateDisplay
    fsm.o(.text.FSM_Init) refers to fsm.o(.text.UpdateBlink) for UpdateBlink
    fsm.o(.text.FSM_Init) refers to fsm.o(.bss.g_state) for [Anonymous Symbol]
    fsm.o(.text.FSM_Init) refers to fsm.o(.bss.g_event) for [Anonymous Symbol]
    fsm.o(.text.FSM_Init) refers to fsm.o(.data.g_hour) for [Anonymous Symbol]
    fsm.o(.text.FSM_Init) refers to fsm.o(.bss.g_minute) for [Anonymous Symbol]
    fsm.o(.text.FSM_Init) refers to fsm.o(.bss.g_second) for [Anonymous Symbol]
    fsm.o(.text.FSM_Init) refers to fsm.o(.bss.g_timeout_cnt) for [Anonymous Symbol]
    fsm.o(.text.FSM_Init) refers to fsm.o(.bss.g_alarm_hour) for [Anonymous Symbol]
    fsm.o(.text.FSM_Init) refers to fsm.o(.bss.g_alarm_minute) for [Anonymous Symbol]
    fsm.o(.text.FSM_Init) refers to fsm.o(.bss.g_alarm_active) for [Anonymous Symbol]
    fsm.o(.text.FSM_Init) refers to fsm.o(.bss.g_buzzer_mode) for [Anonymous Symbol]
    fsm.o(.text.FSM_Init) refers to fsm.o(.bss.g_buzzer_ms) for [Anonymous Symbol]
    fsm.o(.text.FSM_Init) refers to fsm.o(.bss.g_buzzer_alarm_total_ms) for [Anonymous Symbol]
    fsm.o(.text.FSM_Init) refers to fsm.o(.bss.g_buzzer_alarm_phase_ms) for [Anonymous Symbol]
    fsm.o(.text.FSM_Init) refers to fsm.o(.bss.g_buzzer_on) for [Anonymous Symbol]
[...]
    startup_sn32f400.o(.ARM.__at_0x00007FFC) refers (Special) to heapauxi.o(.text) for __use_two_region_memory
    startup_sn32f400.o(.text) refers (Special) to heapauxi.o(.text) for __use_two_region_memory
    startup_sn32f400.o(.text) refers to __main.o(!!!main) for __main
    startup_sn32f400.o(.text) refers to startup_sn32f400.o(HEAP) for Heap_Mem
    startup_sn32f400.o(.text) refers to startup_sn32f400.o(STACK) for Stack_Mem
    system_sn32f400.o(.text.SystemCoreClockUpdate) refers to aeabi_sdiv.o(.text) for __aeabi_uidiv
    system_sn32f400.o(.text.SystemCoreClockUpdate) refers to system_sn32f400.o(.bss.SystemCoreClock) for SystemCoreClock
    system_sn32f400.o(.ARM.exidx.text.SystemCoreClockUpdate) refers to system_sn32f400.o(.text.SystemCoreClockUpdate) for [Anonymous Symbol]
    system_sn32f400.o(.ARM.exidx.text.SystemInit) refers to system_sn32f400.o(.text.SystemInit) for [Anonymous Symbol]
    rt_memcpy.o(.text) refers to rt_memcpy.o(.emb_text) for __aeabi_memcpy4
    __main.o(!!!main) refers to __rtentry.o(.ARM.Collect$$rtentry$$00000000) for __rt_entry
    __rtentry.o(.ARM.Collect$$rtentry$$00000000) refers (Special) to __rtentry2.o(.ARM.Collect$$rtentry$$0000000A) for __rt_entry_li
    __rtentry.o(.ARM.Collect$$rtentry$$00000000) refers (Special) to __rtentry2.o(.ARM.Collect$$rtentry$$0000000D) for __rt_entry_main
    __rtentry.o(.ARM.Collect$$rtentry$$00000000) refers (Special) to __rtentry2.o(.ARM.Collect$$rtentry$$0000000C) for __rt_entry_postli_1
    __rtentry.o(.ARM.Collect$$rtentry$$00000000) refers (Special) to __rtentry2.o(.ARM.Collect$$rtentry$$00000009) for __rt_entry_postsh_1
    __rtentry.o(.ARM.Collect$$rtentry$$00000000) refers (Special) to __rtentry2.o(.ARM.Collect$$rtentry$$00000002) for __rt_entry_presh_1
    __rtentry.o(.ARM.Collect$$rtentry$$00000000) refers (Special) to __rtentry4.o(.ARM.Collect$$rtentry$$00000004) for __rt_entry_sh
    aeabi_idiv0_sigfpe.o(.text) refers to rt_div0.o(.text) for __rt_div0
    __rtentry2.o(.ARM.Collect$$rtentry$$00000008) refers to boardinit2.o(.text) for _platform_post_stackheap_init
    __rtentry2.o(.ARM.Collect$$rtentry$$0000000A) refers to libinit.o(.ARM.Collect$$libinit$$00000000) for __rt_lib_init
    __rtentry2.o(.ARM.Collect$$rtentry$$0000000B) refers to boardinit3.o(.text) for _platform_post_lib_init
    __rtentry2.o(.ARM.Collect$$rtentry$$0000000D) refers to main.o(.text.main) for main
    __rtentry2.o(.ARM.Collect$$rtentry$$0000000D) refers to exit.o(.text) for exit
    __rtentry2.o(.ARM.exidx) refers to __rtentry2.o(.ARM.Collect$$rtentry$$00000001) for .ARM.Collect$$rtentry$$00000001
    __rtentry2.o(.ARM.exidx) refers to __rtentry2.o(.ARM.Collect$$rtentry$$00000008) for .ARM.Collect$$rtentry$$00000008
    __rtentry2.o(.ARM.exidx) refers to __rtentry2.o(.ARM.Collect$$rtentry$$0000000A) for .ARM.Collect$$rtentry$$0000000A
    __rtentry2.o(.ARM.exidx) refers to __rtentry2.o(.ARM.Collect$$rtentry$$0000000B) for .ARM.Collect$$rtentry$$0000000B
    __rtentry2.o(.ARM.exidx) refers to __rtentry2.o(.ARM.Collect$$rtentry$$0000000D) for .ARM.Collect$$rtentry$$0000000D
    __rtentry4.o(.ARM.Collect$$rtentry$$00000004) refers to sys_stackheap_outer.o(.text) for __user_setup_stackheap
    __rtentry4.o(.ARM.exidx) refers to __rtentry4.o(.ARM.Collect$$rtentry$$00000004) for .ARM.Collect$$rtentry$$00000004
    rt_div0.o(.text) refers to defsig_fpe_outer.o(.text) for __rt_SIGFPE
    sys_stackheap_outer.o(.text) refers to libspace.o(.text) for __user_perproc_libspace
    sys_stackheap_outer.o(.text) refers to startup_sn32f400.o(.text) for __user_initial_stackheap
    sys_stackheap_outer.o(__vectab_stack_and_reset_area) refers to tempstk.o(.text) for __temporary_stack_top
    sys_stackheap_outer.o(__vectab_stack_and_reset_area) refers to __main.o(!!!main) for __main
    exit.o(.text) refers to rtexit.o(.ARM.Collect$$rtexit$$00000000) for __rt_exit
    defsig_fpe_outer.o(.text) refers to defsig_fpe_inner.o(.text) for __rt_SIGFPE_inner
    defsig_fpe_outer.o(.text) refers to defsig_exit.o(.text) for __sig_exit
    defsig_fpe_formal.o(.text) refers to rt_raise.o(.text) for __rt_raise
    libinit.o(.ARM.Collect$$libinit$$00000000) refers (Special) to libinit2.o(.ARM.Collect$$libinit$$00000030) for __rt_lib_init_alloca_1
    libinit.o(.ARM.Collect$$libinit$$00000000) refers (Special) to libinit2.o(.ARM.Collect$$libinit$$0000002E) for __rt_lib_init_argv_1
    libinit.o(.ARM.Collect$$libinit$$00000000) refers (Special) to libinit2.o(.ARM.Collect$$libinit$$0000001D) for __rt_lib_init_atexit_1
    libinit.o(.ARM.Collect$$libinit$$00000000) refers (Special) to libinit2.o(.ARM.Collect$$libinit$$00000023) for __rt_lib_init_clock_1
    libinit.o(.ARM.Collect$$libinit$$00000000) refers (Special) to libinit2.o(.ARM.Collect$$libinit$$00000034) for __rt_lib_init_cpp_1
    libinit.o(.ARM.Collect$$libinit$$00000000) refers (Special) to libinit2.o(.ARM.Collect$$libinit$$00000032) for __rt_lib_init_exceptions_1
    libinit.o(.ARM.Collect$$libinit$$00000000) refers (Special) to libinit2.o(.ARM.Collect$$libinit$$00000002) for __rt_lib_init_fp_1
    libinit.o(.ARM.Collect$$libinit$$00000000) refers (Special) to libinit2.o(.ARM.Collect$$libinit$$00000021) for __rt_lib_init_fp_trap_1
    libinit.o(.ARM.Collect$$libinit$$00000000) refers (Special) to libinit2.o(.ARM.Collect$$libinit$$00000025) for __rt_lib_init_getenv_1
    libinit.o(.ARM.Collect$$libinit$$00000000) refers (Special) to libinit2.o(.ARM.Collect$$libinit$$0000000C) for __rt_lib_init_heap_1
    libinit.o(.ARM.Collect$$libinit$$00000000) refers (Special) to libinit2.o(.ARM.Collect$$libinit$$00000013) for __rt_lib_init_lc_collate_1
    libinit.o(.ARM.Collect$$libinit$$00000000) refers (Special) to libinit2.o(.ARM.Collect$$libinit$$00000015) for __rt_lib_init_lc_ctype_1
    libinit.o(.ARM.Collect$$libinit$$00000000) refers (Special) to libinit2.o(.ARM.Collect$$libinit$$00000017) for __rt_lib_init_lc_monetary_1
    libinit.o(.ARM.Collect$$libinit$$00000000) refers (Special) to libinit2.o(.ARM.Collect$$libinit$$00000019) for __rt_lib_init_lc_numeric_1
    libinit.o(.ARM.Collect$$libinit$$00000000) refers (Special) to libinit2.o(.ARM.Collect$$libinit$$0000001B) for __rt_lib_init_lc_time_1
    libinit.o(.ARM.Collect$$libinit$$00000000) refers (Special) to libinit2.o(.ARM.Collect$$libinit$$00000006) for __rt_lib_init_preinit_1
    libinit.o(.ARM.Collect$$libinit$$00000000) refers (Special) to libinit2.o(.ARM.Collect$$libinit$$00000010) for __rt_lib_init_rand_1
    libinit.o(.ARM.Collect$$libinit$$00000000) refers (Special) to libinit2.o(.ARM.Collect$$libinit$$00000004) for __rt_lib_init_relocate_pie_1
    libinit.o(.ARM.Collect$$libinit$$00000000) refers (Special) to libinit2.o(.ARM.Collect$$libinit$$00000035) for __rt_lib_init_return
    libinit.o(.ARM.Collect$$libinit$$00000000) refers (Special) to libinit2.o(.ARM.Collect$$libinit$$0000001F) for __rt_lib_init_signal_1
    libinit.o(.ARM.Collect$$libinit$$00000000) refers (Special) to libinit2.o(.ARM.Collect$$libinit$$00000027) for __rt_lib_init_stdio_1
    libinit.o(.ARM.Collect$$libinit$$00000000) refers (Special) to libinit2.o(.ARM.Collect$$libinit$$0000000E) for __rt_lib_init_user_alloc_1
    libspace.o(.text) refers to libspace.o(.bss) for __libspace_start
    rtexit.o(.ARM.Collect$$rtexit$$00000000) refers (Special) to rtexit2.o(.ARM.Collect$$rtexit$$00000004) for __rt_exit_exit
    rtexit.o(.ARM.Collect$$rtexit$$00000000) refers (Special) to rtexit2.o(.ARM.Collect$$rtexit$$00000003) for __rt_exit_ls
    rtexit.o(.ARM.Collect$$rtexit$$00000000) refers (Special) to rtexit2.o(.ARM.Collect$$rtexit$$00000002) for __rt_exit_prels_1
    rtexit.o(.ARM.exidx) refers (Special) to rtexit2.o(.ARM.Collect$$rtexit$$00000004) for __rt_exit_exit
    rtexit.o(.ARM.exidx) refers (Special) to rtexit2.o(.ARM.Collect$$rtexit$$00000003) for __rt_exit_ls
    rtexit.o(.ARM.exidx) refers (Special) to rtexit2.o(.ARM.Collect$$rtexit$$00000002) for __rt_exit_prels_1
    rtexit.o(.ARM.exidx) refers to rtexit.o(.ARM.Collect$$rtexit$$00000000) for .ARM.Collect$$rtexit$$00000000
    rt_raise.o(.text) refers to __raise.o(.text) for __raise
    rt_raise.o(.text) refers to sys_exit.o(.text) for _sys_exit
    defsig_exit.o(.text) refers to sys_exit.o(.text) for _sys_exit
    defsig_fpe_inner.o(.text) refers to defsig_general.o(.text) for __default_signal_display
    libinit2.o(.ARM.Collect$$libinit$$00000012) refers to libinit2.o(.ARM.Collect$$libinit$$00000011) for .ARM.Collect$$libinit$$00000011
    libinit2.o(.ARM.Collect$$libinit$$00000014) refers to libinit2.o(.ARM.Collect$$libinit$$00000011) for .ARM.Collect$$libinit$$00000011
    libinit2.o(.ARM.Collect$$libinit$$00000016) refers to libinit2.o(.ARM.Collect$$libinit$$00000011) for .ARM.Collect$$libinit$$00000011
    libinit2.o(.ARM.Collect$$libinit$$00000018) refers to libinit2.o(.ARM.Collect$$libinit$$00000011) for .ARM.Collect$$libinit$$00000011
    libinit2.o(.ARM.Collect$$libinit$$0000001A) refers to libinit2.o(.ARM.Collect$$libinit$$00000011) for .ARM.Collect$$libinit$$00000011
    libinit2.o(.ARM.Collect$$libinit$$00000028) refers to argv_veneer.o(.text) for __ARM_argv_veneer
    libinit2.o(.ARM.Collect$$libinit$$00000029) refers to argv_veneer.o(.text) for __ARM_argv_veneer
    sys_exit.o(.text) refers (Special) to use_no_semi.o(.text) for __I$use$semihosting
    sys_exit.o(.text) refers (Special) to indicate_semi.o(.text) for __semihosting_library_function
    sys_exit_hlt.o(.text) refers (Special) to use_no_semi.o(.text) for __I$use$semihosting
    sys_exit_hlt.o(.text) refers (Special) to indicate_semi.o(.text) for __semihosting_library_function
    rtexit2.o(.ARM.Collect$$rtexit$$00000003) refers to libshutdown.o(.ARM.Collect$$libshutdown$$00000000) for __rt_lib_shutdown
    rtexit2.o(.ARM.Collect$$rtexit$$00000004) refers to sys_exit.o(.text) for _sys_exit
    rtexit2.o(.ARM.exidx) refers to rtexit2.o(.ARM.Collect$$rtexit$$00000001) for .ARM.Collect$$rtexit$$00000001
    rtexit2.o(.ARM.exidx) refers to rtexit2.o(.ARM.Collect$$rtexit$$00000003) for .ARM.Collect$$rtexit$$00000003
    rtexit2.o(.ARM.exidx) refers to rtexit2.o(.ARM.Collect$$rtexit$$00000004) for .ARM.Collect$$rtexit$$00000004
    __raise.o(.text) refers to defsig.o(CL$$defsig) for __default_signal_handler
    defsig_general.o(.text) refers to sys_wrch.o(.text) for _ttywrch
    sys_wrch.o(.text) refers (Special) to use_no_semi.o(.text) for __I$use$semihosting
    sys_wrch.o(.text) refers (Special) to indicate_semi.o(.text) for __semihosting_library_function
    sys_wrch_hlt.o(.text) refers (Special) to use_no_semi.o(.text) for __I$use$semihosting
    sys_wrch_hlt.o(.text) refers (Special) to indicate_semi.o(.text) for __semihosting_library_function
    defsig.o(CL$$defsig) refers to defsig_fpe_inner.o(.text) for __rt_SIGFPE_inner
    defsig.o(CL$$defsig) refers to defsig_rtmem_inner.o(.text) for __rt_SIGRTMEM_inner
    _get_argv_nomalloc.o(.text) refers (Special) to hrguard.o(.text) for __heap_region$guard
    _get_argv_nomalloc.o(.text) refers to defsig_rtmem_outer.o(.text) for __rt_SIGRTMEM
    _get_argv_nomalloc.o(.text) refers to sys_command.o(.text) for _sys_command_string
    libshutdown.o(.ARM.Collect$$libshutdown$$00000000) refers (Special) to libshutdown2.o(.ARM.Collect$$libshutdown$$00000002) for __rt_lib_shutdown_cpp_1
    libshutdown.o(.ARM.Collect$$libshutdown$$00000000) refers (Special) to libshutdown2.o(.ARM.Collect$$libshutdown$$00000007) for __rt_lib_shutdown_fp_trap_1
    libshutdown.o(.ARM.Collect$$libshutdown$$00000000) refers (Special) to libshutdown2.o(.ARM.Collect$$libshutdown$$0000000F) for __rt_lib_shutdown_heap_1
    libshutdown.o(.ARM.Collect$$libshutdown$$00000000) refers (Special) to libshutdown2.o(.ARM.Collect$$libshutdown$$00000010) for __rt_lib_shutdown_return
    libshutdown.o(.ARM.Collect$$libshutdown$$00000000) refers (Special) to libshutdown2.o(.ARM.Collect$$libshutdown$$0000000A) for __rt_lib_shutdown_signal_1
    libshutdown.o(.ARM.Collect$$libshutdown$$00000000) refers (Special) to libshutdown2.o(.ARM.Collect$$libshutdown$$00000004) for __rt_lib_shutdown_stdio_1
    libshutdown.o(.ARM.Collect$$libshutdown$$00000000) refers (Special) to libshutdown2.o(.ARM.Collect$$libshutdown$$0000000C) for __rt_lib_shutdown_user_alloc_1
    sys_command.o(.text) refers (Special) to use_no_semi.o(.text) for __I$use$semihosting
    sys_command.o(.text) refers (Special) to indicate_semi.o(.text) for __semihosting_library_function
    sys_command_hlt.o(.text) refers (Special) to use_no_semi.o(.text) for __I$use$semihosting
    sys_command_hlt.o(.text) refers (Special) to indicate_semi.o(.text) for __semihosting_library_function
    defsig_abrt_inner.o(.text) refers to defsig_general.o(.text) for __default_signal_display
    defsig_rtred_inner.o(.text) refers to defsig_general.o(.text) for __default_signal_display
    defsig_rtmem_inner.o(.text) refers to defsig_general.o(.text) for __default_signal_display
    defsig_rtmem_outer.o(.text) refers to defsig_rtmem_inner.o(.text) for __rt_SIGRTMEM_inner
    defsig_rtmem_outer.o(.text) refers to defsig_exit.o(.text) for __sig_exit
    defsig_rtmem_formal.o(.text) refers to rt_raise.o(.text) for __rt_raise
    defsig_stak_inner.o(.text) refers to defsig_general.o(.text) for __default_signal_display
    defsig_pvfn_inner.o(.text) refers to defsig_general.o(.text) for __default_signal_display
    defsig_cppl_inner.o(.text) refers to defsig_general.o(.text) for __default_signal_display
    defsig_segv_inner.o(.text) refers to defsig_general.o(.text) for __default_signal_display
    defsig_other.o(.text) refers to defsig_general.o(.text) for __default_signal_display


==============================================================================

Removing Unused input sections from the image.

    Removing pfpa.o(.text), (0 bytes).
    Removing pfpa.o(.text.PFPA_Init), (68 bytes).
    Removing pfpa.o(.ARM.exidx.text.PFPA_Init), (8 bytes).
    Removing gpio.o(.text), (0 bytes).
    Removing gpio.o(.ARM.exidx.text.GPIO_Init), (8 bytes).
    Removing wdt.o(.text), (0 bytes).
    Removing wdt.o(.ARM.exidx.text.WDT_IRQHandler), (8 bytes).
    Removing wdt.o(.text.WDT_Init), (64 bytes).
    Removing wdt.o(.ARM.exidx.text.WDT_Init), (8 bytes).
    Removing wdt.o(.text.WDT_ReloadValue), (40 bytes).
    Removing wdt.o(.ARM.exidx.text.WDT_ReloadValue), (8 bytes).
    Removing wdt.o(.text.WDT_NvicEnable), (30 bytes).
    Removing wdt.o(.ARM.exidx.text.WDT_NvicEnable), (8 bytes).
    Removing wdt.o(.text.__NVIC_ClearPendingIRQ), (44 bytes).
    Removing wdt.o(.ARM.exidx.text.__NVIC_ClearPendingIRQ), (8 bytes).
    Removing wdt.o(.text.__NVIC_EnableIRQ), (44 bytes).
    Removing wdt.o(.ARM.exidx.text.__NVIC_EnableIRQ), (8 bytes).
    Removing wdt.o(.text.__NVIC_SetPriority), (132 bytes).
    Removing wdt.o(.ARM.exidx.text.__NVIC_SetPriority), (8 bytes).
    Removing wdt.o(.text.WDT_NvicDisable), (10 bytes).
    Removing wdt.o(.ARM.exidx.text.WDT_NvicDisable), (8 bytes).
    Removing wdt.o(.text.__NVIC_DisableIRQ), (52 bytes).
    Removing wdt.o(.ARM.exidx.text.__NVIC_DisableIRQ), (8 bytes).
    Removing utility.o(.text), (0 bytes).
    Removing utility.o(.text.UT_DelayNx10us), (32 bytes).
    Removing utility.o(.ARM.exidx.text.UT_DelayNx10us), (8 bytes).
    Removing utility.o(.text.UT_DelayNms), (48 bytes).
    Removing utility.o(.ARM.exidx.text.UT_DelayNms), (8 bytes).
    Removing keyscan.o(.text), (0 bytes).
    Removing keyscan.o(.ARM.exidx.text.KeyScan), (8 bytes).
    Removing keyscan.o(.ARM.exidx.text.KeyScan_Update), (8 bytes).
    Removing keyscan.o(.ARM.exidx.text.SW3_Pressed), (8 bytes).
    Removing keyscan.o(.ARM.exidx.text.SW6_Pressed), (8 bytes).
    Removing keyscan.o(.ARM.exidx.text.SW10_Pressed), (8 bytes).
    Removing keyscan.o(.ARM.exidx.text.SW16_Pressed), (8 bytes).
    Removing fsm.o(.text), (0 bytes).
    Removing fsm.o(.ARM.exidx.text.FSM_Init), (8 bytes).
    Removing fsm.o(.ARM.exidx.text.UpdateDisplay), (8 bytes).
    Removing fsm.o(.ARM.exidx.text.UpdateBlink), (8 bytes).
    Removing fsm.o(.ARM.exidx.text.FSM_Tick1ms), (8 bytes).
    Removing fsm.o(.ARM.exidx.text.Buzzer_SetOn), (8 bytes).
    Removing fsm.o(.ARM.exidx.text.FSM_SendEvent), (8 bytes).
    Removing fsm.o(.text.FSM_GetState), (12 bytes).
    Removing fsm.o(.ARM.exidx.text.FSM_GetState), (8 bytes).
    Removing fsm.o(.ARM.exidx.text.FSM_Run), (8 bytes).
    Removing fsm.o(.ARM.exidx.text.TimeIncrement), (8 bytes).
    Removing fsm.o(.ARM.exidx.text.CheckAlarm), (8 bytes).
    Removing fsm.o(.ARM.exidx.text.Buzzer_StartPip), (8 bytes).
    Removing fsm.o(.ARM.exidx.text.Buzzer_StartAlarmPattern), (8 bytes).
    Removing rtc.o(.text), (0 bytes).
    Removing rtc.o(.ARM.exidx.text.RTC_Init), (8 bytes).
    Removing rtc.o(.ARM.exidx.text.__NVIC_ClearPendingIRQ), (8 bytes).
    Removing rtc.o(.ARM.exidx.text.__NVIC_EnableIRQ), (8 bytes).
    Removing rtc.o(.ARM.exidx.text.RTC_IRQHandler), (8 bytes).
    Removing segment.o(.text), (0 bytes).
    Removing segment.o(.text.Digital_DisplayDEC), (204 bytes).
    Removing segment.o(.ARM.exidx.text.Digital_DisplayDEC), (8 bytes).
    Removing segment.o(.text.Digital_DisplayHEX), (76 bytes).
    Removing segment.o(.ARM.exidx.text.Digital_DisplayHEX), (8 bytes).
    Removing segment.o(.ARM.exidx.text.Digital_DisplayTime), (8 bytes).
    Removing segment.o(.ARM.exidx.text.Digital_SetBlink), (8 bytes).
    Removing segment.o(.ARM.exidx.text.Digital_BlinkTick), (8 bytes).
    Removing segment.o(.ARM.exidx.text.Digital_Scan), (8 bytes).
    Removing segment.o(.ARM.exidx.text.COM_AllOff), (8 bytes).
    Removing segment.o(.ARM.exidx.text.SEG_AllOff), (8 bytes).
    Removing segment.o(.ARM.exidx.text.COM_On), (8 bytes).
    Removing buzzer.o(.text), (0 bytes).
    Removing buzzer.o(.ARM.exidx.text.Buzzer_Init), (8 bytes).
    Removing buzzer.o(.ARM.exidx.text.Buzzer_Stop), (8 bytes).
    Removing buzzer.o(.ARM.exidx.text.Buzzer_SetPitch), (8 bytes).
    Removing eeprom.o(.text), (0 bytes).
    Removing eeprom.o(.ARM.exidx.text.EEPROM_AlarmLoad), (8 bytes).
    Removing eeprom.o(.ARM.exidx.text.AlarmChecksum), (8 bytes).
    Removing eeprom.o(.ARM.exidx.text.EEPROM_AlarmSave), (8 bytes).
    Removing eeprom.o(.ARM.exidx.text.EEPROM_FlashErasePage), (8 bytes).
    Removing eeprom.o(.ARM.exidx.text.EEPROM_FlashProgramPage), (8 bytes).
    Removing main.o(.text), (0 bytes).
    Removing main.o(.ARM.exidx.text.SysTick_Handler), (8 bytes).
    Removing main.o(.ARM.exidx.text.main), (8 bytes).
    Removing main.o(.ARM.exidx.text.SysTick_Config), (8 bytes).
    Removing main.o(.ARM.exidx.text.__NVIC_SetPriority), (8 bytes).
    Removing main.o(.ARM.use_no_argv), (4 bytes).
    Removing system_sn32f400.o(.text), (0 bytes).
    Removing system_sn32f400.o(.text.SystemCoreClockUpdate), (416 bytes).
    Removing system_sn32f400.o(.ARM.exidx.text.SystemCoreClockUpdate), (8 bytes).
    Removing system_sn32f400.o(.text.SystemInit), (72 bytes).
    Removing system_sn32f400.o(.ARM.exidx.text.SystemInit), (8 bytes).
    Removing system_sn32f400.o(.bss.SystemCoreClock), (4 bytes).

88 unused section(s) (total 1816 bytes) removed from the image.

==============================================================================

Image Symbol Table

    Local Symbols

    Symbol Name                              Value     Ov Type        Size  Object(Section)

    ../clib/angel/boardlib.s                 0x00000000   Number         0  boardinit1.o ABSOLUTE
    ../clib/angel/boardlib.s                 0x00000000   Number         0  boardinit2.o ABSOLUTE
    ../clib/angel/boardlib.s                 0x00000000   Number         0  boardinit3.o ABSOLUTE
    ../clib/angel/boardlib.s                 0x00000000   Number         0  boardshut.o ABSOLUTE
    ../clib/angel/handlers.s                 0x00000000   Number         0  __scatter_copy.o ABSOLUTE
    ../clib/angel/handlers.s                 0x00000000   Number         0  __scatter_zi.o ABSOLUTE
    ../clib/angel/kernel.s                   0x00000000   Number         0  __rtentry.o ABSOLUTE
    ../clib/angel/kernel.s                   0x00000000   Number         0  __rtentry2.o ABSOLUTE
    ../clib/angel/kernel.s                   0x00000000   Number         0  __rtentry4.o ABSOLUTE
    ../clib/angel/kernel.s                   0x00000000   Number         0  rtexit.o ABSOLUTE
    ../clib/angel/kernel.s                   0x00000000   Number         0  rtexit2.o ABSOLUTE
    ../clib/angel/rt.s                       0x00000000   Number         0  aeabi_idiv0.o ABSOLUTE
    ../clib/angel/rt.s                       0x00000000   Number         0  aeabi_idiv0_sigfpe.o ABSOLUTE
    ../clib/angel/rt.s                       0x00000000   Number         0  rt_div0.o ABSOLUTE
    ../clib/angel/rt.s                       0x00000000   Number         0  rt_raise.o ABSOLUTE
    ../clib/angel/scatterp.s                 0x00000000   Number         0  __scatter.o ABSOLUTE
    ../clib/angel/startup.s                  0x00000000   Number         0  __main.o ABSOLUTE
    ../clib/angel/sys.s                      0x00000000   Number         0  sys_stackheap_outer.o ABSOLUTE
    ../clib/angel/sys.s                      0x00000000   Number         0  libspace.o ABSOLUTE
    ../clib/angel/sys.s                      0x00000000   Number         0  tempstk.o ABSOLUTE
    ../clib/angel/sys.s                      0x00000000   Number         0  use_no_semi.o ABSOLUTE
    ../clib/angel/sys.s                      0x00000000   Number         0  indicate_semi.o ABSOLUTE
    ../clib/angel/sysapp.c                   0x00000000   Number         0  sys_exit.o ABSOLUTE
    ../clib/angel/sysapp.c                   0x00000000   Number         0  sys_exit_hlt.o ABSOLUTE
    ../clib/angel/sysapp.c                   0x00000000   Number         0  sys_wrch.o ABSOLUTE
    ../clib/angel/sysapp.c                   0x00000000   Number         0  sys_wrch_hlt.o ABSOLUTE
    ../clib/angel/sysapp.c                   0x00000000   Number         0  sys_command.o ABSOLUTE
    ../clib/angel/sysapp.c                   0x00000000   Number         0  sys_command_hlt.o ABSOLUTE
    ../clib/armsys.c                         0x00000000   Number         0  argv_veneer.o ABSOLUTE
    ../clib/armsys.c                         0x00000000   Number         0  _get_argv_nomalloc.o ABSOLUTE
    ../clib/armsys.c                         0x00000000   Number         0  no_argv.o ABSOLUTE
    ../clib/division.s                       0x00000000   Number         0  aeabi_sdiv.o ABSOLUTE
    ../clib/division.s                       0x00000000   Number         0  aeabi_sdiv_div0.o ABSOLUTE
    ../clib/heapalloc.c                      0x00000000   Number         0  hrguard.o ABSOLUTE
    ../clib/heapaux.c                        0x00000000   Number         0  heapauxi.o ABSOLUTE
    ../clib/libinit.s                        0x00000000   Number         0  libinit.o ABSOLUTE
    ../clib/libinit.s                        0x00000000   Number         0  libinit2.o ABSOLUTE
    ../clib/libinit.s                        0x00000000   Number         0  libshutdown.o ABSOLUTE
    ../clib/libinit.s                        0x00000000   Number         0  libshutdown2.o ABSOLUTE
    ../clib/memcpset.c                       0x00000000   Number         0  rt_memcpy.o ABSOLUTE
    ../clib/memcpset.c                       0x00000000   Number         0  rt_memcpy.o ABSOLUTE
    ../clib/signal.c                         0x00000000   Number         0  defsig_fpe_outer.o ABSOLUTE
    ../clib/signal.c                         0x00000000   Number         0  defsig_fpe_formal.o ABSOLUTE
    ../clib/signal.c                         0x00000000   Number         0  defsig_exit.o ABSOLUTE
    ../clib/signal.c                         0x00000000   Number         0  defsig_fpe_inner.o ABSOLUTE
    ../clib/signal.c                         0x00000000   Number         0  __raise.o ABSOLUTE
    ../clib/signal.c                         0x00000000   Number         0  defsig_general.o ABSOLUTE
    ../clib/signal.c                         0x00000000   Number         0  defsig_abrt_inner.o ABSOLUTE
    ../clib/signal.c                         0x00000000   Number         0  defsig_rtred_inner.o ABSOLUTE
    ../clib/signal.c                         0x00000000   Number         0  defsig_rtmem_inner.o ABSOLUTE
    ../clib/signal.c                         0x00000000   Number         0  defsig_rtmem_outer.o ABSOLUTE
    ../clib/signal.c                         0x00000000   Number         0  defsig_rtmem_formal.o ABSOLUTE
    ../clib/signal.c                         0x00000000   Number         0  defsig_stak_inner.o ABSOLUTE
    ../clib/signal.c                         0x00000000   Number         0  defsig_pvfn_inner.o ABSOLUTE
    ../clib/signal.c                         0x00000000   Number         0  defsig_cppl_inner.o ABSOLUTE
    ../clib/signal.c                         0x00000000   Number         0  defsig_segv_inner.o ABSOLUTE
    ../clib/signal.c                         0x00000000   Number         0  defsig_other.o ABSOLUTE
    ../clib/signal.s                         0x00000000   Number         0  defsig.o ABSOLUTE
    ../clib/stdlib.c                         0x00000000   Number         0  exit.o ABSOLUTE
    ../fplib/cfplib/fpinit.c                 0x00000000   Number         0  fpinit.o ABSOLUTE
    Buzzer.c                                 0x00000000   Number         0  buzzer.o ABSOLUTE
    EEPROM.c                                 0x00000000   Number         0  eeprom.o ABSOLUTE
    FSM.c                                    0x00000000   Number         0  fsm.o ABSOLUTE
    GPIO.c                                   0x00000000   Number         0  gpio.o ABSOLUTE
    KeyScan.c                                0x00000000   Number         0  keyscan.o ABSOLUTE
    PFPA.c                                   0x00000000   Number         0  pfpa.o ABSOLUTE
    RTC.c                                    0x00000000   Number         0  rtc.o ABSOLUTE
    RTE/Device/SN32F407F/startup_SN32F400.s  0x00000000   Number         0  startup_sn32f400.o ABSOLUTE
    Segment.c                                0x00000000   Number         0  segment.o ABSOLUTE
    Utility.c                                0x00000000   Number         0  utility.o ABSOLUTE
    WDT.c                                    0x00000000   Number         0  wdt.o ABSOLUTE
    dc.s                                     0x00000000   Number         0  dc.o ABSOLUTE
    main.c                                   0x00000000   Number         0  main.o ABSOLUTE
    system_SN32F400.c                        0x00000000   Number         0  system_sn32f400.o ABSOLUTE
    RESET                                    0x00000000   Section      192  startup_sn32f400.o(RESET)
    !!!main                                  0x000000c0   Section        8  __main.o(!!!main)
    !!!scatter                               0x000000c8   Section       84  __scatter.o(!!!scatter)
    !!handler_copy                           0x0000011c   Section       26  __scatter_copy.o(!!handler_copy)
    !!handler_null                           0x00000138   Section        2  __scatter.o(!!handler_null)
    !!handler_zi                             0x0000013c   Section       28  __scatter_zi.o(!!handler_zi)
    .ARM.Collect$$libinit$$00000000          0x00000158   Section        2  libinit.o(.ARM.Collect$$libinit$$00000000)
    .ARM.Collect$$libinit$$00000002          0x0000015a   Section        0  libinit2.o(.ARM.Collect$$libinit$$00000002)
    .ARM.Collect$$libinit$$00000004          0x0000015a   Section        0  libinit2.o(.ARM.Collect$$libinit$$00000004)
    .ARM.Collect$$libinit$$00000006          0x0000015a   Section        0  libinit2.o(.ARM.Collect$$libinit$$00000006)
    .ARM.Collect$$libinit$$0000000C          0x0000015a   Section        0  libinit2.o(.ARM.Collect$$libinit$$0000000C)
    .ARM.Collect$$libinit$$0000000E          0x0000015a   Section        0  libinit2.o(.ARM.Collect$$libinit$$0000000E)
    .ARM.Collect$$libinit$$00000010          0x0000015a   Section        0  libinit2.o(.ARM.Collect$$libinit$$00000010)
    .ARM.Collect$$libinit$$00000013          0x0000015a   Section        0  libinit2.o(.ARM.Collect$$libinit$$00000013)
    .ARM.Collect$$libinit$$00000015          0x0000015a   Section        0  libinit2.o(.ARM.Collect$$libinit$$00000015)
    .ARM.Collect$$libinit$$00000017          0x0000015a   Section        0  libinit2.o(.ARM.Collect$$libinit$$00000017)
    .ARM.Collect$$libinit$$00000019          0x0000015a   Section        0  libinit2.o(.ARM.Collect$$libinit$$00000019)
    .ARM.Collect$$libinit$$0000001B          0x0000015a   Section        0  libinit2.o(.ARM.Collect$$libinit$$0000001B)
    .ARM.Collect$$libinit$$0000001D          0x0000015a   Section        0  libinit2.o(.ARM.Collect$$libinit$$0000001D)
    .ARM.Collect$$libinit$$0000001F          0x0000015a   Section        0  libinit2.o(.ARM.Collect$$libinit$$0000001F)
    .ARM.Collect$$libinit$$00000021          0x0000015a   Section        0  libinit2.o(.ARM.Collect$$libinit$$00000021)
    .ARM.Collect$$libinit$$00000023          0x0000015a   Section        0  libinit2.o(.ARM.Collect$$libinit$$00000023)
    .ARM.Collect$$libinit$$00000025          0x0000015a   Section        0  libinit2.o(.ARM.Collect$$libinit$$00000025)
    .ARM.Collect$$libinit$$00000027          0x0000015a   Section        0  libinit2.o(.ARM.Collect$$libinit$$00000027)
    .ARM.Collect$$libinit$$0000002E          0x0000015a   Section        0  libinit2.o(.ARM.Collect$$libinit$$0000002E)
    .ARM.Collect$$libinit$$00000030          0x0000015a   Section        0  libinit2.o(.ARM.Collect$$libinit$$00000030)
    .ARM.Collect$$libinit$$00000032          0x0000015a   Section        0  libinit2.o(.ARM.Collect$$libinit$$00000032)
    .ARM.Collect$$libinit$$00000034          0x0000015a   Section        0  libinit2.o(.ARM.Collect$$libinit$$00000034)
    .ARM.Collect$$libinit$$00000035          0x0000015a   Section        2  libinit2.o(.ARM.Collect$$libinit$$00000035)
    .ARM.Collect$$libshutdown$$00000000      0x0000015c   Section        2  libshutdown.o(.ARM.Collect$$libshutdown$$00000000)
    .ARM.Collect$$libshutdown$$00000002      0x0000015e   Section        0  libshutdown2.o(.ARM.Collect$$libshutdown$$00000002)
    .ARM.Collect$$libshutdown$$00000004      0x0000015e   Section        0  libshutdown2.o(.ARM.Collect$$libshutdown$$00000004)
    .ARM.Collect$$libshutdown$$00000007      0x0000015e   Section        0  libshutdown2.o(.ARM.Collect$$libshutdown$$00000007)
    .ARM.Collect$$libshutdown$$0000000A      0x0000015e   Section        0  libshutdown2.o(.ARM.Collect$$libshutdown$$0000000A)
    .ARM.Collect$$libshutdown$$0000000C      0x0000015e   Section        0  libshutdown2.o(.ARM.Collect$$libshutdown$$0000000C)
    .ARM.Collect$$libshutdown$$0000000F      0x0000015e   Section        0  libshutdown2.o(.ARM.Collect$$libshutdown$$0000000F)
    .ARM.Collect$$libshutdown$$00000010      0x0000015e   Section        2  libshutdown2.o(.ARM.Collect$$libshutdown$$00000010)
    .ARM.Collect$$rtentry$$00000000          0x00000160   Section        0  __rtentry.o(.ARM.Collect$$rtentry$$00000000)
    .ARM.Collect$$rtentry$$00000002          0x00000160   Section        0  __rtentry2.o(.ARM.Collect$$rtentry$$00000002)
    .ARM.Collect$$rtentry$$00000004          0x00000160   Section        6  __rtentry4.o(.ARM.Collect$$rtentry$$00000004)
    .ARM.Collect$$rtentry$$00000009          0x00000166   Section        0  __rtentry2.o(.ARM.Collect$$rtentry$$00000009)
    .ARM.Collect$$rtentry$$0000000A          0x00000166   Section        4  __rtentry2.o(.ARM.Collect$$rtentry$$0000000A)
    .ARM.Collect$$rtentry$$0000000C          0x0000016a   Section        0  __rtentry2.o(.ARM.Collect$$rtentry$$0000000C)
    .ARM.Collect$$rtentry$$0000000D          0x0000016a   Section        8  __rtentry2.o(.ARM.Collect$$rtentry$$0000000D)
    .ARM.Collect$$rtexit$$00000000           0x00000172   Section        2  rtexit.o(.ARM.Collect$$rtexit$$00000000)
    .ARM.Collect$$rtexit$$00000002           0x00000174   Section        0  rtexit2.o(.ARM.Collect$$rtexit$$00000002)
    .ARM.Collect$$rtexit$$00000003           0x00000174   Section        4  rtexit2.o(.ARM.Collect$$rtexit$$00000003)
    .ARM.Collect$$rtexit$$00000004           0x00000178   Section        6  rtexit2.o(.ARM.Collect$$rtexit$$00000004)
    .emb_text                                0x00000180   Section       56  rt_memcpy.o(.emb_text)
    .text                                    0x000001b8   Section       60  startup_sn32f400.o(.text)
    .text                                    0x000001f4   Section        0  rt_memcpy.o(.text)
    .text                                    0x00000278   Section      364  aeabi_sdiv.o(.text)
    .text                                    0x000003e4   Section        0  heapauxi.o(.text)
    .text                                    0x000003ea   Section       62  sys_stackheap_outer.o(.text)
    .text                                    0x00000428   Section        0  exit.o(.text)
    .text                                    0x00000438   Section        8  libspace.o(.text)
    .text                                    0x00000440   Section        0  sys_exit.o(.text)
    .text                                    0x0000044c   Section        2  use_no_semi.o(.text)
    .text                                    0x0000044e   Section        0  indicate_semi.o(.text)
    AlarmChecksum                            0x00000451   Thumb Code    32  eeprom.o(.text.AlarmChecksum)
    [Anonymous Symbol]                       0x00000450   Section        0  eeprom.o(.text.AlarmChecksum)
    __arm_cp.1_0                             0x00000470   Number         4  eeprom.o(.text.AlarmChecksum)
    [Anonymous Symbol]                       0x00000474   Section        0  buzzer.o(.text.Buzzer_Init)
    __arm_cp.0_0                             0x000004b8   Number         4  buzzer.o(.text.Buzzer_Init)
    __arm_cp.0_1                             0x000004bc   Number         4  buzzer.o(.text.Buzzer_Init)
    __arm_cp.0_2                             0x000004c0   Number         4  buzzer.o(.text.Buzzer_Init)
    __arm_cp.0_3                             0x000004c4   Number         4  buzzer.o(.text.Buzzer_Init)
    __arm_cp.0_4                             0x000004c8   Number         4  buzzer.o(.text.Buzzer_Init)
    __arm_cp.0_5                             0x000004cc   Number         4  buzzer.o(.text.Buzzer_Init)
    __arm_cp.0_6                             0x000004d0   Number         4  buzzer.o(.text.Buzzer_Init)
    __arm_cp.0_7                             0x000004d4   Number         4  buzzer.o(.text.Buzzer_Init)
    Buzzer_SetOn                             0x000004d9   Thumb Code    48  fsm.o(.text.Buzzer_SetOn)
    [Anonymous Symbol]                       0x000004d8   Section        0  fsm.o(.text.Buzzer_SetOn)
    __arm_cp.4_0                             0x00000508   Number         4  fsm.o(.text.Buzzer_SetOn)
    [Anonymous Symbol]                       0x0000050c   Section        0  buzzer.o(.text.Buzzer_SetPitch)
    __arm_cp.2_1                             0x00000560   Number         4  buzzer.o(.text.Buzzer_SetPitch)
    __arm_cp.2_2                             0x00000564   Number         4  buzzer.o(.text.Buzzer_SetPitch)
    Buzzer_StartAlarmPattern                 0x00000569   Thumb Code    32  fsm.o(.text.Buzzer_StartAlarmPattern)
    [Anonymous Symbol]                       0x00000568   Section        0  fsm.o(.text.Buzzer_StartAlarmPattern)
    __arm_cp.11_1                            0x00000588   Number         4  fsm.o(.text.Buzzer_StartAlarmPattern)
    __arm_cp.11_2                            0x0000058c   Number         4  fsm.o(.text.Buzzer_StartAlarmPattern)
    __arm_cp.11_3                            0x00000590   Number         4  fsm.o(.text.Buzzer_StartAlarmPattern)
    Buzzer_StartPip                          0x00000595   Thumb Code    24  fsm.o(.text.Buzzer_StartPip)
    [Anonymous Symbol]                       0x00000594   Section        0  fsm.o(.text.Buzzer_StartPip)
    __arm_cp.10_0                            0x000005ac   Number         4  fsm.o(.text.Buzzer_StartPip)
    __arm_cp.10_1                            0x000005b0   Number         4  fsm.o(.text.Buzzer_StartPip)
    [Anonymous Symbol]                       0x000005b4   Section        0  buzzer.o(.text.Buzzer_Stop)
    __arm_cp.1_0                             0x000005d0   Number         4  buzzer.o(.text.Buzzer_Stop)
    __arm_cp.1_1                             0x000005d4   Number         4  buzzer.o(.text.Buzzer_Stop)
    COM_AllOff                               0x000005d9   Thumb Code    12  segment.o(.text.COM_AllOff)
    [Anonymous Symbol]                       0x000005d8   Section        0  segment.o(.text.COM_AllOff)
    __arm_cp.6_0                             0x000005e4   Number         4  segment.o(.text.COM_AllOff)
    COM_On                                   0x000005e9   Thumb Code    88  segment.o(.text.COM_On)
    [Anonymous Symbol]                       0x000005e8   Section        0  segment.o(.text.COM_On)
    __arm_cp.8_0                             0x00000640   Number         4  segment.o(.text.COM_On)
    CheckAlarm                               0x00000645   Thumb Code    56  fsm.o(.text.CheckAlarm)
    [Anonymous Symbol]                       0x00000644   Section        0  fsm.o(.text.CheckAlarm)
    __arm_cp.9_0                             0x0000067c   Number         4  fsm.o(.text.CheckAlarm)
    __arm_cp.9_1                             0x00000680   Number         4  fsm.o(.text.CheckAlarm)
    __arm_cp.9_2                             0x00000684   Number         4  fsm.o(.text.CheckAlarm)
    __arm_cp.9_3                             0x00000688   Number         4  fsm.o(.text.CheckAlarm)
    __arm_cp.9_5                             0x0000068c   Number         4  fsm.o(.text.CheckAlarm)
    [Anonymous Symbol]                       0x00000690   Section        0  segment.o(.text.Digital_BlinkTick)
    [Anonymous Symbol]                       0x0000069c   Section        0  segment.o(.text.Digital_DisplayTime)
    __arm_cp.2_0                             0x00000708   Number         4  segment.o(.text.Digital_DisplayTime)
    [Anonymous Symbol]                       0x0000070c   Section        0  segment.o(.text.Digital_Scan)
    __arm_cp.5_0                             0x00000770   Number         4  segment.o(.text.Digital_Scan)
    __arm_cp.5_3                             0x00000774   Number         4  segment.o(.text.Digital_Scan)
    __arm_cp.5_4                             0x00000778   Number         4  segment.o(.text.Digital_Scan)
    [Anonymous Symbol]                       0x0000077c   Section        0  segment.o(.text.Digital_SetBlink)
    __arm_cp.3_0                             0x000007a0   Number         4  segment.o(.text.Digital_SetBlink)
    __arm_cp.3_1                             0x000007a4   Number         4  segment.o(.text.Digital_SetBlink)
    [Anonymous Symbol]                       0x000007a8   Section        0  eeprom.o(.text.EEPROM_AlarmLoad)
    [Anonymous Symbol]                       0x00000818   Section        0  eeprom.o(.text.EEPROM_AlarmSave)
    __arm_cp.2_0                             0x0000089c   Number         4  eeprom.o(.text.EEPROM_AlarmSave)
    __arm_cp.2_1                             0x000008a0   Number         4  eeprom.o(.text.EEPROM_AlarmSave)
    EEPROM_FlashErasePage                    0x000008a5   Thumb Code    52  eeprom.o(.text.EEPROM_FlashErasePage)
    [Anonymous Symbol]                       0x000008a4   Section        0  eeprom.o(.text.EEPROM_FlashErasePage)
    EEPROM_FlashProgramPage                  0x000008d9   Thumb Code   208  eeprom.o(.text.EEPROM_FlashProgramPage)
    [Anonymous Symbol]                       0x000008d8   Section        0  eeprom.o(.text.EEPROM_FlashProgramPage)
    __arm_cp.4_0                             0x000009a8   Number         4  eeprom.o(.text.EEPROM_FlashProgramPage)
    __arm_cp.4_1                             0x000009ac   Number         4  eeprom.o(.text.EEPROM_FlashProgramPage)
    __arm_cp.4_2                             0x000009b0   Number         4  eeprom.o(.text.EEPROM_FlashProgramPage)
    __arm_cp.4_3                             0x000009b4   Number         4  eeprom.o(.text.EEPROM_FlashProgramPage)
    __arm_cp.4_4                             0x000009b8   Number         4  eeprom.o(.text.EEPROM_FlashProgramPage)
    [Anonymous Symbol]                       0x000009bc   Section        0  fsm.o(.text.FSM_Init)
    __arm_cp.0_0                             0x00000a2c   Number         4  fsm.o(.text.FSM_Init)
    __arm_cp.0_2                             0x00000a30   Number         4  fsm.o(.text.FSM_Init)
    __arm_cp.0_3                             0x00000a34   Number         4  fsm.o(.text.FSM_Init)
    __arm_cp.0_4                             0x00000a38   Number         4  fsm.o(.text.FSM_Init)
    __arm_cp.0_8                             0x00000a3c   Number         4  fsm.o(.text.FSM_Init)
    __arm_cp.0_9                             0x00000a40   Number         4  fsm.o(.text.FSM_Init)
    __arm_cp.0_10                            0x00000a44   Number         4  fsm.o(.text.FSM_Init)
    __arm_cp.0_11                            0x00000a48   Number         4  fsm.o(.text.FSM_Init)
    __arm_cp.0_12                            0x00000a4c   Number         4  fsm.o(.text.FSM_Init)
    __arm_cp.0_13                            0x00000a50   Number         4  fsm.o(.text.FSM_Init)
    [Anonymous Symbol]                       0x00000a54   Section        0  fsm.o(.text.FSM_Run)
    __arm_cp.7_0                             0x00000da4   Number         4  fsm.o(.text.FSM_Run)
    __arm_cp.7_1                             0x00000da8   Number         4  fsm.o(.text.FSM_Run)
    __arm_cp.7_2                             0x00000dac   Number         4  fsm.o(.text.FSM_Run)
    __arm_cp.7_3                             0x00000db0   Number         4  fsm.o(.text.FSM_Run)
    __arm_cp.7_4                             0x00000db4   Number         4  fsm.o(.text.FSM_Run)
    __arm_cp.7_5                             0x00000db8   Number         4  fsm.o(.text.FSM_Run)
    __arm_cp.7_6                             0x00000dbc   Number         4  fsm.o(.text.FSM_Run)
    __arm_cp.7_7                             0x00000dc0   Number         4  fsm.o(.text.FSM_Run)
    __arm_cp.7_8                             0x00000dc4   Number         4  fsm.o(.text.FSM_Run)
    __arm_cp.7_9                             0x00000dc8   Number         4  fsm.o(.text.FSM_Run)
    [Anonymous Symbol]                       0x00000dcc   Section        0  fsm.o(.text.FSM_SendEvent)
    __arm_cp.5_0                             0x00000ddc   Number         4  fsm.o(.text.FSM_SendEvent)
    [Anonymous Symbol]                       0x00000de0   Section        0  fsm.o(.text.FSM_Tick1ms)
    __arm_cp.3_0                             0x00000ec0   Number         4  fsm.o(.text.FSM_Tick1ms)
    __arm_cp.3_1                             0x00000ec4   Number         4  fsm.o(.text.FSM_Tick1ms)
    __arm_cp.3_2                             0x00000ec8   Number         4  fsm.o(.text.FSM_Tick1ms)
    __arm_cp.3_3                             0x00000ecc   Number         4  fsm.o(.text.FSM_Tick1ms)
    __arm_cp.3_4                             0x00000ed0   Number         4  fsm.o(.text.FSM_Tick1ms)
    __arm_cp.3_5                             0x00000ed4   Number         4  fsm.o(.text.FSM_Tick1ms)
    __arm_cp.3_6                             0x00000ed8   Number         4  fsm.o(.text.FSM_Tick1ms)
    __arm_cp.3_7                             0x00000edc   Number         4  fsm.o(.text.FSM_Tick1ms)
    __arm_cp.3_8                             0x00000ee0   Number         4  fsm.o(.text.FSM_Tick1ms)
    __arm_cp.3_9                             0x00000ee4   Number         4  fsm.o(.text.FSM_Tick1ms)
    __arm_cp.3_10                            0x00000ee8   Number         4  fsm.o(.text.FSM_Tick1ms)
    [Anonymous Symbol]                       0x00000eec   Section        0  gpio.o(.text.GPIO_Init)
    __arm_cp.0_0                             0x00000f30   Number         4  gpio.o(.text.GPIO_Init)
    __arm_cp.0_2                             0x00000f34   Number         4  gpio.o(.text.GPIO_Init)
    __arm_cp.0_3                             0x00000f38   Number         4  gpio.o(.text.GPIO_Init)
    __arm_cp.0_5                             0x00000f3c   Number         4  gpio.o(.text.GPIO_Init)
    __arm_cp.0_6                             0x00000f40   Number         4  gpio.o(.text.GPIO_Init)
    [Anonymous Symbol]                       0x00000f44   Section        0  keyscan.o(.text.KeyScan)
    __arm_cp.0_0                             0x00001070   Number         4  keyscan.o(.text.KeyScan)
    __arm_cp.0_1                             0x00001074   Number         4  keyscan.o(.text.KeyScan)
    [Anonymous Symbol]                       0x00001078   Section        0  keyscan.o(.text.KeyScan_Update)
    __arm_cp.1_0                             0x000010a4   Number         4  keyscan.o(.text.KeyScan_Update)
    [Anonymous Symbol]                       0x000010a8   Section        0  rtc.o(.text.RTC_IRQHandler)
    [Anonymous Symbol]                       0x000010b8   Section        0  rtc.o(.text.RTC_Init)
    __arm_cp.0_0                             0x00001100   Number         4  rtc.o(.text.RTC_Init)
    __arm_cp.0_1                             0x00001104   Number         4  rtc.o(.text.RTC_Init)
    __arm_cp.0_2                             0x00001108   Number         4  rtc.o(.text.RTC_Init)
    __arm_cp.0_3                             0x0000110c   Number         4  rtc.o(.text.RTC_Init)
    __arm_cp.0_4                             0x00001110   Number         4  rtc.o(.text.RTC_Init)
    __arm_cp.0_5                             0x00001114   Number         4  rtc.o(.text.RTC_Init)
    __arm_cp.0_6                             0x00001118   Number         4  rtc.o(.text.RTC_Init)
    __arm_cp.0_7                             0x0000111c   Number         4  rtc.o(.text.RTC_Init)
    SEG_AllOff                               0x00001121   Thumb Code     8  segment.o(.text.SEG_AllOff)
    [Anonymous Symbol]                       0x00001120   Section        0  segment.o(.text.SEG_AllOff)
    __arm_cp.7_0                             0x00001128   Number         4  segment.o(.text.SEG_AllOff)
    [Anonymous Symbol]                       0x0000112c   Section        0  keyscan.o(.text.SW10_Pressed)
    [Anonymous Symbol]                       0x0000115c   Section        0  keyscan.o(.text.SW16_Pressed)
    [Anonymous Symbol]                       0x0000118c   Section        0  keyscan.o(.text.SW3_Pressed)
    [Anonymous Symbol]                       0x000011bc   Section        0  keyscan.o(.text.SW6_Pressed)
    __arm_cp.3_0                             0x000011ec   Number         4  keyscan.o(.text.SW6_Pressed)
    SysTick_Config                           0x000011f1   Thumb Code    68  main.o(.text.SysTick_Config)
    [Anonymous Symbol]                       0x000011f0   Section        0  main.o(.text.SysTick_Config)
    __arm_cp.2_0                             0x00001234   Number         4  main.o(.text.SysTick_Config)
    __arm_cp.2_1                             0x00001238   Number         4  main.o(.text.SysTick_Config)
    __arm_cp.2_2                             0x0000123c   Number         4  main.o(.text.SysTick_Config)
    [Anonymous Symbol]                       0x00001240   Section        0  main.o(.text.SysTick_Handler)
    __arm_cp.0_2                             0x00001278   Number         4  main.o(.text.SysTick_Handler)
    __arm_cp.0_3                             0x0000127c   Number         4  main.o(.text.SysTick_Handler)
    TimeIncrement                            0x00001281   Thumb Code    80  fsm.o(.text.TimeIncrement)
    [Anonymous Symbol]                       0x00001280   Section        0  fsm.o(.text.TimeIncrement)
    __arm_cp.8_0                             0x000012d0   Number         4  fsm.o(.text.TimeIncrement)
    UpdateBlink                              0x000012d5   Thumb Code    80  fsm.o(.text.UpdateBlink)
    [Anonymous Symbol]                       0x000012d4   Section        0  fsm.o(.text.UpdateBlink)
    UpdateDisplay                            0x00001325   Thumb Code    60  fsm.o(.text.UpdateDisplay)
    [Anonymous Symbol]                       0x00001324   Section        0  fsm.o(.text.UpdateDisplay)
    __arm_cp.1_0                             0x00001360   Number         4  fsm.o(.text.UpdateDisplay)
    __arm_cp.1_1                             0x00001364   Number         4  fsm.o(.text.UpdateDisplay)
    __arm_cp.1_2                             0x00001368   Number         4  fsm.o(.text.UpdateDisplay)
    __arm_cp.1_3                             0x0000136c   Number         4  fsm.o(.text.UpdateDisplay)
    __arm_cp.1_4                             0x00001370   Number         4  fsm.o(.text.UpdateDisplay)
    [Anonymous Symbol]                       0x00001374   Section        0  wdt.o(.text.WDT_IRQHandler)
    __arm_cp.0_0                             0x0000138c   Number         4  wdt.o(.text.WDT_IRQHandler)
    __arm_cp.0_1                             0x00001390   Number         4  wdt.o(.text.WDT_IRQHandler)
    __arm_cp.0_2                             0x00001394   Number         4  wdt.o(.text.WDT_IRQHandler)
    __arm_cp.0_3                             0x00001398   Number         4  wdt.o(.text.WDT_IRQHandler)
    __NVIC_ClearPendingIRQ                   0x0000139d   Thumb Code    40  rtc.o(.text.__NVIC_ClearPendingIRQ)
    [Anonymous Symbol]                       0x0000139c   Section        0  rtc.o(.text.__NVIC_ClearPendingIRQ)
    __arm_cp.1_0                             0x000013c4   Number         4  rtc.o(.text.__NVIC_ClearPendingIRQ)
    __NVIC_EnableIRQ                         0x000013c9   Thumb Code    40  rtc.o(.text.__NVIC_EnableIRQ)
    [Anonymous Symbol]                       0x000013c8   Section        0  rtc.o(.text.__NVIC_EnableIRQ)
    __arm_cp.2_0                             0x000013f0   Number         4  rtc.o(.text.__NVIC_EnableIRQ)
    __NVIC_SetPriority                       0x000013f5   Thumb Code   124  main.o(.text.__NVIC_SetPriority)
    [Anonymous Symbol]                       0x000013f4   Section        0  main.o(.text.__NVIC_SetPriority)
    __arm_cp.3_0                             0x00001470   Number         4  main.o(.text.__NVIC_SetPriority)
    __arm_cp.3_1                             0x00001474   Number         4  main.o(.text.__NVIC_SetPriority)
    [Anonymous Symbol]                       0x00001478   Section        0  main.o(.text.main)
    __arm_cp.1_0                             0x0000155c   Number         4  main.o(.text.main)
    __arm_cp.1_1                             0x00001560   Number         4  main.o(.text.main)
    __arm_cp.1_2                             0x00001564   Number         4  main.o(.text.main)
    __arm_cp.1_3                             0x00001568   Number         4  main.o(.text.main)
    .ARM.__at_0x00007FFC                     0x00007ffc   Section        4  startup_sn32f400.o(.ARM.__at_0x00007FFC)
    g_hour                                   0x20000000   Data           1  fsm.o(.data.g_hour)
    [Anonymous Symbol]                       0x20000000   Section        0  fsm.o(.data.g_hour)
    .bss                                     0x20000008   Section       96  libspace.o(.bss)
    blink_mask                               0x20000068   Data           1  segment.o(.bss.blink_mask)
    [Anonymous Symbol]                       0x20000068   Section        0  segment.o(.bss.blink_mask)
    blink_state                              0x20000069   Data           1  segment.o(.bss.blink_state)
    [Anonymous Symbol]                       0x20000069   Section        0  segment.o(.bss.blink_state)
    com_scan                                 0x2000006a   Data           1  segment.o(.bss.com_scan)
    [Anonymous Symbol]                       0x2000006a   Section        0  segment.o(.bss.com_scan)
    g_alarm_active                           0x2000006b   Data           1  fsm.o(.bss.g_alarm_active)
    [Anonymous Symbol]                       0x2000006b   Section        0  fsm.o(.bss.g_alarm_active)
    g_alarm_hour                             0x2000006c   Data           1  fsm.o(.bss.g_alarm_hour)
    [Anonymous Symbol]                       0x2000006c   Section        0  fsm.o(.bss.g_alarm_hour)
    g_alarm_minute                           0x2000006d   Data           1  fsm.o(.bss.g_alarm_minute)
    [Anonymous Symbol]                       0x2000006d   Section        0  fsm.o(.bss.g_alarm_minute)
    g_alarm_save_pending                     0x2000006e   Data           1  fsm.o(.bss.g_alarm_save_pending)
    [Anonymous Symbol]                       0x2000006e   Section        0  fsm.o(.bss.g_alarm_save_pending)
    g_alarm_saved_hour                       0x2000006f   Data           1  fsm.o(.bss.g_alarm_saved_hour)
    [Anonymous Symbol]                       0x2000006f   Section        0  fsm.o(.bss.g_alarm_saved_hour)
    g_alarm_saved_minute                     0x20000070   Data           1  fsm.o(.bss.g_alarm_saved_minute)
    [Anonymous Symbol]                       0x20000070   Section        0  fsm.o(.bss.g_alarm_saved_minute)
    g_buzzer_alarm_phase_ms                  0x20000072   Data           2  fsm.o(.bss.g_buzzer_alarm_phase_ms)
    [Anonymous Symbol]                       0x20000072   Section        0  fsm.o(.bss.g_buzzer_alarm_phase_ms)
    g_buzzer_alarm_total_ms                  0x20000074   Data           2  fsm.o(.bss.g_buzzer_alarm_total_ms)
    [Anonymous Symbol]                       0x20000074   Section        0  fsm.o(.bss.g_buzzer_alarm_total_ms)
    g_buzzer_mode                            0x20000076   Data           1  fsm.o(.bss.g_buzzer_mode)
    [Anonymous Symbol]                       0x20000076   Section        0  fsm.o(.bss.g_buzzer_mode)
    g_buzzer_ms                              0x20000078   Data           2  fsm.o(.bss.g_buzzer_ms)
    [Anonymous Symbol]                       0x20000078   Section        0  fsm.o(.bss.g_buzzer_ms)
    g_buzzer_on                              0x2000007a   Data           1  fsm.o(.bss.g_buzzer_on)
    [Anonymous Symbol]                       0x2000007a   Section        0  fsm.o(.bss.g_buzzer_on)
    g_event                                  0x2000007b   Data           1  fsm.o(.bss.g_event)
    [Anonymous Symbol]                       0x2000007b   Section        0  fsm.o(.bss.g_event)
    g_flag_500ms                             0x2000007c   Data           1  main.o(.bss.g_flag_500ms)
    [Anonymous Symbol]                       0x2000007c   Section        0  main.o(.bss.g_flag_500ms)
    g_flag_scan                              0x2000007d   Data           1  main.o(.bss.g_flag_scan)
    [Anonymous Symbol]                       0x2000007d   Section        0  main.o(.bss.g_flag_scan)
    g_minute                                 0x2000007e   Data           1  fsm.o(.bss.g_minute)
    [Anonymous Symbol]                       0x2000007e   Section        0  fsm.o(.bss.g_minute)
    g_second                                 0x2000007f   Data           1  fsm.o(.bss.g_second)
    [Anonymous Symbol]                       0x2000007f   Section        0  fsm.o(.bss.g_second)
    g_state                                  0x20000080   Data           1  fsm.o(.bss.g_state)
    [Anonymous Symbol]                       0x20000080   Section        0  fsm.o(.bss.g_state)
    g_tick_ms                                0x20000084   Data           4  main.o(.bss.g_tick_ms)
    [Anonymous Symbol]                       0x20000084   Section        0  main.o(.bss.g_tick_ms)
    g_timeout_cnt                            0x20000088   Data           1  fsm.o(.bss.g_timeout_cnt)
    [Anonymous Symbol]                       0x20000088   Section        0  fsm.o(.bss.g_timeout_cnt)
    key_last                                 0x2000008a   Data           2  keyscan.o(.bss.key_last)
    [Anonymous Symbol]                       0x2000008a   Section        0  keyscan.o(.bss.key_last)
    key_press_edge                           0x2000008c   Data           2  keyscan.o(.bss.key_press_edge)
    [Anonymous Symbol]                       0x2000008c   Section        0  keyscan.o(.bss.key_press_edge)
    s_buzzer_enabled                         0x2000008e   Data           1  buzzer.o(.bss.s_buzzer_enabled)
    [Anonymous Symbol]                       0x2000008e   Section        0  buzzer.o(.bss.s_buzzer_enabled)
    s_page_buf                               0x2000008f   Data         512  eeprom.o(.bss.s_page_buf)
    [Anonymous Symbol]                       0x2000008f   Section        0  eeprom.o(.bss.s_page_buf)
    segment_buff                             0x2000028f   Data           4  segment.o(.bss.segment_buff)
    [Anonymous Symbol]                       0x2000028f   Section        0  segment.o(.bss.segment_buff)
    Heap_Mem                                 0x20000298   Data           0  startup_sn32f400.o(HEAP)
    Stack_Mem                                0x20000298   Data         512  startup_sn32f400.o(STACK)
    HEAP                                     0x20000298   Section        0  startup_sn32f400.o(HEAP)
    STACK                                    0x20000298   Section      512  startup_sn32f400.o(STACK)
    __initial_sp                             0x20000498   Data           0  startup_sn32f400.o(STACK)

    Global Symbols

    Symbol Name                              Value     Ov Type        Size  Object(Section)

    BuildAttributes$$THM_ISAv3M$S$PE$A:L22$X:L11$S22$IEEE1$IW$~IW$USESV6$~STKCKD$USESV7$~SHL$OSPACE$ROPI$EBA8$UX$STANDARDLIB$REQ8$PRES8$EABIv2 0x00000000   Number         0  anon$$obj.o ABSOLUTE
    __Vectors                                0x00000000   Data           4  startup_sn32f400.o(RESET)
    __ARM_exceptions_init                     - Undefined Weak Reference
    __alloca_initialize                       - Undefined Weak Reference
    __arm_preinit_                            - Undefined Weak Reference
    __arm_relocate_pie_                       - Undefined Weak Reference
    __cpp_initialize__aeabi_                  - Undefined Weak Reference
    __cxa_finalize                            - Undefined Weak Reference
    __rt_locale                               - Undefined Weak Reference
    __sigvec_lookup                           - Undefined Weak Reference
    _atexit_init                              - Undefined Weak Reference
    _call_atexit_fns                          - Undefined Weak Reference
    _clock_init                               - Undefined Weak Reference
    _fp_trap_init                             - Undefined Weak Reference
    _fp_trap_shutdown                         - Undefined Weak Reference
    _get_lc_collate                           - Undefined Weak Reference
    _get_lc_ctype                             - Undefined Weak Reference
    _get_lc_monetary                          - Undefined Weak Reference
    _get_lc_numeric                           - Undefined Weak Reference
    _get_lc_time                              - Undefined Weak Reference
    _getenv_init                              - Undefined Weak Reference
    _handle_redirection                       - Undefined Weak Reference
    _init_alloc                               - Undefined Weak Reference
    _init_user_alloc                          - Undefined Weak Reference
    _initio                                   - Undefined Weak Reference
    _rand_init                                - Undefined Weak Reference
    _signal_finish                            - Undefined Weak Reference
    _signal_init                              - Undefined Weak Reference
    _terminate_alloc                          - Undefined Weak Reference
    _terminate_user_alloc                     - Undefined Weak Reference
    _terminateio                              - Undefined Weak Reference
    __main                                   0x000000c1   Thumb Code     8  __main.o(!!!main)
    __scatterload                            0x000000c9   Thumb Code     0  __scatter.o(!!!scatter)
    __scatterload_rt2                        0x000000c9   Thumb Code    74  __scatter.o(!!!scatter)
    __scatterload_rt2_thumb_only             0x000000c9   Thumb Code     0  __scatter.o(!!!scatter)
    __scatterload_loop                       0x000000d3   Thumb Code     0  __scatter.o(!!!scatter)
    __scatterload_copy                       0x0000011d   Thumb Code    26  __scatter_copy.o(!!handler_copy)
    __scatterload_null                       0x00000139   Thumb Code     2  __scatter.o(!!handler_null)
    __scatterload_zeroinit                   0x0000013d   Thumb Code    28  __scatter_zi.o(!!handler_zi)
    __rt_lib_init                            0x00000159   Thumb Code     0  libinit.o(.ARM.Collect$$libinit$$00000000)
    __rt_lib_init_alloca_1                   0x0000015b   Thumb Code     0  libinit2.o(.ARM.Collect$$libinit$$00000030)
    __rt_lib_init_argv_1                     0x0000015b   Thumb Code     0  libinit2.o(.ARM.Collect$$libinit$$0000002E)
    __rt_lib_init_atexit_1                   0x0000015b   Thumb Code     0  libinit2.o(.ARM.Collect$$libinit$$0000001D)
    __rt_lib_init_clock_1                    0x0000015b   Thumb Code     0  libinit2.o(.ARM.Collect$$libinit$$00000023)
    __rt_lib_init_cpp_1                      0x0000015b   Thumb Code     0  libinit2.o(.ARM.Collect$$libinit$$00000034)
    __rt_lib_init_exceptions_1               0x0000015b   Thumb Code     0  libinit2.o(.ARM.Collect$$libinit$$00000032)
    __rt_lib_init_fp_1                       0x0000015b   Thumb Code     0  libinit2.o(.ARM.Collect$$libinit$$00000002)
    __rt_lib_init_fp_trap_1                  0x0000015b   Thumb Code     0  libinit2.o(.ARM.Collect$$libinit$$00000021)
    __rt_lib_init_getenv_1                   0x0000015b   Thumb Code     0  libinit2.o(.ARM.Collect$$libinit$$00000025)
    __rt_lib_init_heap_1                     0x0000015b   Thumb Code     0  libinit2.o(.ARM.Collect$$libinit$$0000000C)
    __rt_lib_init_lc_collate_1               0x0000015b   Thumb Code     0  libinit2.o(.ARM.Collect$$libinit$$00000013)
    __rt_lib_init_lc_ctype_1                 0x0000015b   Thumb Code     0  libinit2.o(.ARM.Collect$$libinit$$00000015)
    __rt_lib_init_lc_monetary_1              0x0000015b   Thumb Code     0  libinit2.o(.ARM.Collect$$libinit$$00000017)
    __rt_lib_init_lc_numeric_1               0x0000015b   Thumb Code     0  libinit2.o(.ARM.Collect$$libinit$$00000019)
    __rt_lib_init_lc_time_1                  0x0000015b   Thumb Code     0  libinit2.o(.ARM.Collect$$libinit$$0000001B)
    __rt_lib_init_preinit_1                  0x0000015b   Thumb Code     0  libinit2.o(.ARM.Collect$$libinit$$00000006)
    __rt_lib_init_rand_1                     0x0000015b   Thumb Code     0  libinit2.o(.ARM.Collect$$libinit$$00000010)
    __rt_lib_init_relocate_pie_1             0x0000015b   Thumb Code     0  libinit2.o(.ARM.Collect$$libinit$$00000004)
    __rt_lib_init_return                     0x0000015b   Thumb Code     0  libinit2.o(.ARM.Collect$$libinit$$00000035)
    __rt_lib_init_signal_1                   0x0000015b   Thumb Code     0  libinit2.o(.ARM.Collect$$libinit$$0000001F)
    __rt_lib_init_stdio_1                    0x0000015b   Thumb Code     0  libinit2.o(.ARM.Collect$$libinit$$00000027)
    __rt_lib_init_user_alloc_1               0x0000015b   Thumb Code     0  libinit2.o(.ARM.Collect$$libinit$$0000000E)
    __rt_lib_shutdown                        0x0000015d   Thumb Code     0  libshutdown.o(.ARM.Collect$$libshutdown$$00000000)
    __rt_lib_shutdown_cpp_1                  0x0000015f   Thumb Code     0  libshutdown2.o(.ARM.Collect$$libshutdown$$00000002)
    __rt_lib_shutdown_fp_trap_1              0x0000015f   Thumb Code     0  libshutdown2.o(.ARM.Collect$$libshutdown$$00000007)
    __rt_lib_shutdown_heap_1                 0x0000015f   Thumb Code     0  libshutdown2.o(.ARM.Collect$$libshutdown$$0000000F)
    __rt_lib_shutdown_return                 0x0000015f   Thumb Code     0  libshutdown2.o(.ARM.Collect$$libshutdown$$00000010)
    __rt_lib_shutdown_signal_1               0x0000015f   Thumb Code     0  libshutdown2.o(.ARM.Collect$$libshutdown$$0000000A)
    __rt_lib_shutdown_stdio_1                0x0000015f   Thumb Code     0  libshutdown2.o(.ARM.Collect$$libshutdown$$00000004)
    __rt_lib_shutdown_user_alloc_1           0x0000015f   Thumb Code     0  libshutdown2.o(.ARM.Collect$$libshutdown$$0000000C)
    __rt_entry                               0x00000161   Thumb Code     0  __rtentry.o(.ARM.Collect$$rtentry$$00000000)
    __rt_entry_presh_1                       0x00000161   Thumb Code     0  __rtentry2.o(.ARM.Collect$$rtentry$$00000002)
    __rt_entry_sh                            0x00000161   Thumb Code     0  __rtentry4.o(.ARM.Collect$$rtentry$$00000004)
    __rt_entry_li                            0x00000167   Thumb Code     0  __rtentry2.o(.ARM.Collect$$rtentry$$0000000A)
    __rt_entry_postsh_1                      0x00000167   Thumb Code     0  __rtentry2.o(.ARM.Collect$$rtentry$$00000009)
    __rt_entry_main                          0x0000016b   Thumb Code     0  __rtentry2.o(.ARM.Collect$$rtentry$$0000000D)
    __rt_entry_postli_1                      0x0000016b   Thumb Code     0  __rtentry2.o(.ARM.Collect$$rtentry$$0000000C)
    __rt_exit                                0x00000173   Thumb Code     0  rtexit.o(.ARM.Collect$$rtexit$$00000000)
    __rt_exit_ls                             0x00000175   Thumb Code     0  rtexit2.o(.ARM.Collect$$rtexit$$00000003)
    __rt_exit_prels_1                        0x00000175   Thumb Code     0  rtexit2.o(.ARM.Collect$$rtexit$$00000002)
    __rt_exit_exit                           0x00000179   Thumb Code     0  rtexit2.o(.ARM.Collect$$rtexit$$00000004)
    __aeabi_memcpy4                          0x00000181   Thumb Code    56  rt_memcpy.o(.emb_text)
    __aeabi_memcpy8                          0x00000181   Thumb Code     0  rt_memcpy.o(.emb_text)
    Reset_Handler                            0x000001b9   Thumb Code    10  startup_sn32f400.o(.text)
    NMI_Handler                              0x000001c3   Thumb Code     2  startup_sn32f400.o(.text)
    HardFault_Handler                        0x000001c5   Thumb Code     2  startup_sn32f400.o(.text)
    SVC_Handler                              0x000001c7   Thumb Code     2  startup_sn32f400.o(.text)
    PendSV_Handler                           0x000001c9   Thumb Code     2  startup_sn32f400.o(.text)
    ADC_IRQHandler                           0x000001cd   Thumb Code     0  startup_sn32f400.o(.text)
    ATAN_IRQHandler                          0x000001cd   Thumb Code     0  startup_sn32f400.o(.text)
    CMP0_IRQHandler                          0x000001cd   Thumb Code     0  startup_sn32f400.o(.text)
    CMP1_IRQHandler                          0x000001cd   Thumb Code     0  startup_sn32f400.o(.text)
    CMP2_IRQHandler                          0x000001cd   Thumb Code     0  startup_sn32f400.o(.text)
    CMP3_IRQHandler                          0x000001cd   Thumb Code     0  startup_sn32f400.o(.text)
    CT16B0_IRQHandler                        0x000001cd   Thumb Code     0  startup_sn32f400.o(.text)
    CT16B1_IRQHandler                        0x000001cd   Thumb Code     0  startup_sn32f400.o(.text)
    CT16B5_IRQHandler                        0x000001cd   Thumb Code     0  startup_sn32f400.o(.text)
    DIV_IRQHandler                           0x000001cd   Thumb Code     0  startup_sn32f400.o(.text)
    DMA_IRQHandler                           0x000001cd   Thumb Code     0  startup_sn32f400.o(.text)
    FOC_IRQHandler                           0x000001cd   Thumb Code     0  startup_sn32f400.o(.text)
    I2C0_IRQHandler                          0x000001cd   Thumb Code     0  startup_sn32f400.o(.text)
    LVD_IRQHandler                           0x000001cd   Thumb Code     0  startup_sn32f400.o(.text)
    NDT_IRQHandler                           0x000001cd   Thumb Code     0  startup_sn32f400.o(.text)
    P0_IRQHandler                            0x000001cd   Thumb Code     0  startup_sn32f400.o(.text)
    P1_IRQHandler                            0x000001cd   Thumb Code     0  startup_sn32f400.o(.text)
    P2_IRQHandler                            0x000001cd   Thumb Code     0  startup_sn32f400.o(.text)
    P3_IRQHandler                            0x000001cd   Thumb Code     0  startup_sn32f400.o(.text)
    SPI0_IRQHandler                          0x000001cd   Thumb Code     0  startup_sn32f400.o(.text)
    SQRT_IRQHandler                          0x000001cd   Thumb Code     0  startup_sn32f400.o(.text)
    UART0_IRQHandler                         0x000001cd   Thumb Code     0  startup_sn32f400.o(.text)
    UART1_IRQHandler                         0x000001cd   Thumb Code     0  startup_sn32f400.o(.text)
    __user_initial_stackheap                 0x000001d1   Thumb Code     0  startup_sn32f400.o(.text)
    __aeabi_memcpy                           0x000001f5   Thumb Code   130  rt_memcpy.o(.text)
    __rt_memcpy                              0x000001f5   Thumb Code     0  rt_memcpy.o(.text)
    __aeabi_uidiv                            0x00000279   Thumb Code     0  aeabi_sdiv.o(.text)
    __aeabi_uidivmod                         0x00000279   Thumb Code    20  aeabi_sdiv.o(.text)
    __aeabi_idiv                             0x0000028d   Thumb Code     0  aeabi_sdiv.o(.text)
    __aeabi_idivmod                          0x0000028d   Thumb Code   338  aeabi_sdiv.o(.text)
    __use_two_region_memory                  0x000003e5   Thumb Code     2  heapauxi.o(.text)
    __rt_heap_escrow$2region                 0x000003e7   Thumb Code     2  heapauxi.o(.text)
    __rt_heap_expand$2region                 0x000003e9   Thumb Code     2  heapauxi.o(.text)
    __user_setup_stackheap                   0x000003eb   Thumb Code    62  sys_stackheap_outer.o(.text)
    exit                                     0x00000429   Thumb Code    16  exit.o(.text)
    __user_libspace                          0x00000439   Thumb Code     8  libspace.o(.text)
    __user_perproc_libspace                  0x00000439   Thumb Code     0  libspace.o(.text)
    __user_perthread_libspace                0x00000439   Thumb Code     0  libspace.o(.text)
    _sys_exit                                0x00000441   Thumb Code     8  sys_exit.o(.text)
    __I$use$semihosting                      0x0000044d   Thumb Code     0  use_no_semi.o(.text)
    __use_no_semihosting_swi                 0x0000044d   Thumb Code     2  use_no_semi.o(.text)
    __semihosting_library_function           0x0000044f   Thumb Code     0  indicate_semi.o(.text)
    Buzzer_Init                              0x00000475   Thumb Code    68  buzzer.o(.text.Buzzer_Init)
    Buzzer_SetPitch                          0x0000050d   Thumb Code    84  buzzer.o(.text.Buzzer_SetPitch)
    Buzzer_Stop                              0x000005b5   Thumb Code    28  buzzer.o(.text.Buzzer_Stop)
    Digital_BlinkTick                        0x00000691   Thumb Code    12  segment.o(.text.Digital_BlinkTick)
    Digital_DisplayTime                      0x0000069d   Thumb Code   108  segment.o(.text.Digital_DisplayTime)
    Digital_Scan                             0x0000070d   Thumb Code   100  segment.o(.text.Digital_Scan)
    Digital_SetBlink                         0x0000077d   Thumb Code    36  segment.o(.text.Digital_SetBlink)
    EEPROM_AlarmLoad                         0x000007a9   Thumb Code   112  eeprom.o(.text.EEPROM_AlarmLoad)
    EEPROM_AlarmSave                         0x00000819   Thumb Code   132  eeprom.o(.text.EEPROM_AlarmSave)
    FSM_Init                                 0x000009bd   Thumb Code   112  fsm.o(.text.FSM_Init)
    FSM_Run                                  0x00000a55   Thumb Code   848  fsm.o(.text.FSM_Run)
    FSM_SendEvent                            0x00000dcd   Thumb Code    16  fsm.o(.text.FSM_SendEvent)
    FSM_Tick1ms                              0x00000de1   Thumb Code   224  fsm.o(.text.FSM_Tick1ms)
    GPIO_Init                                0x00000eed   Thumb Code    68  gpio.o(.text.GPIO_Init)
    KeyScan                                  0x00000f45   Thumb Code   300  keyscan.o(.text.KeyScan)
    KeyScan_Update                           0x00001079   Thumb Code    44  keyscan.o(.text.KeyScan_Update)
    RTC_IRQHandler                           0x000010a9   Thumb Code    16  rtc.o(.text.RTC_IRQHandler)
    RTC_Init                                 0x000010b9   Thumb Code    72  rtc.o(.text.RTC_Init)
    SW10_Pressed                             0x0000112d   Thumb Code    48  keyscan.o(.text.SW10_Pressed)
    SW16_Pressed                             0x0000115d   Thumb Code    48  keyscan.o(.text.SW16_Pressed)
    SW3_Pressed                              0x0000118d   Thumb Code    48  keyscan.o(.text.SW3_Pressed)
    SW6_Pressed                              0x000011bd   Thumb Code    48  keyscan.o(.text.SW6_Pressed)
    SysTick_Handler                          0x00001241   Thumb Code    56  main.o(.text.SysTick_Handler)
    WDT_IRQHandler                           0x00001375   Thumb Code    24  wdt.o(.text.WDT_IRQHandler)
    main                                     0x00001479   Thumb Code   228  main.o(.text.main)
    SEGMENT_TABLE                            0x0000156c   Data          16  segment.o(.rodata.SEGMENT_TABLE)
    Region$$Table$$Base                      0x0000157c   Number         0  anon$$obj.o(Region$$Table)
    Region$$Table$$Limit                     0x0000159c   Number         0  anon$$obj.o(Region$$Table)
    __libspace_start                         0x20000008   Data          96  libspace.o(.bss)
    __temporary_stack_top$libspace           0x20000068   Data           0  libspace.o(.bss)



==============================================================================

Memory Map of the image

  Image Entry point : 0x000001b9

  Load Region LR_1 (Base: 0x00000000, Size: 0x000015a0, Max: 0xffffffff, ABSOLUTE)

    Execution Region ER_RO (Exec base: 0x00000000, Load base: 0x00000000, Size: 0x0000159c, Max: 0xffffffff, ABSOLUTE)

    Exec Addr    Load Addr    Size         Type   Attr      Idx    E Section Name        Object

    0x00000000   0x00000000   0x000000c0   Data   RO          220    RESET               startup_sn32f400.o
    0x000000c0   0x000000c0   0x00000008   Code   RO          254  * !!!main             c_p.l(__main.o)
    0x000000c8   0x000000c8   0x00000054   Code   RO          431    !!!scatter          c_p.l(__scatter.o)
    0x0000011c   0x0000011c   0x0000001a   Code   RO          435    !!handler_copy      c_p.l(__scatter_copy.o)
    0x00000136   0x00000136   0x00000002   PAD
    0x00000138   0x00000138   0x00000002   Code   RO          432    !!handler_null      c_p.l(__scatter.o)
    0x0000013a   0x0000013a   0x00000002   PAD
    0x0000013c   0x0000013c   0x0000001c   Code   RO          437    !!handler_zi        c_p.l(__scatter_zi.o)
    0x00000158   0x00000158   0x00000002   Code   RO          292    .ARM.Collect$$libinit$$00000000  c_p.l(libinit.o)
    0x0000015a   0x0000015a   0x00000000   Code   RO          306    .ARM.Collect$$libinit$$00000002  c_p.l(libinit2.o)
    0x0000015a   0x0000015a   0x00000000   Code   RO          308    .ARM.Collect$$libinit$$00000004  c_p.l(libinit2.o)
    0x0000015a   0x0000015a   0x00000000   Code   RO          310    .ARM.Collect$$libinit$$00000006  c_p.l(libinit2.o)
    0x0000015a   0x0000015a   0x00000000   Code   RO          313    .ARM.Collect$$libinit$$0000000C  c_p.l(libinit2.o)
    0x0000015a   0x0000015a   0x00000000   Code   RO          315    .ARM.Collect$$libinit$$0000000E  c_p.l(libinit2.o)
    0x0000015a   0x0000015a   0x00000000   Code   RO          317    .ARM.Collect$$libinit$$00000010  c_p.l(libinit2.o)
    0x0000015a   0x0000015a   0x00000000   Code   RO          320    .ARM.Collect$$libinit$$00000013  c_p.l(libinit2.o)
    0x0000015a   0x0000015a   0x00000000   Code   RO          322    .ARM.Collect$$libinit$$00000015  c_p.l(libinit2.o)
    0x0000015a   0x0000015a   0x00000000   Code   RO          324    .ARM.Collect$$libinit$$00000017  c_p.l(libinit2.o)
    0x0000015a   0x0000015a   0x00000000   Code   RO          326    .ARM.Collect$$libinit$$00000019  c_p.l(libinit2.o)
    0x0000015a   0x0000015a   0x00000000   Code   RO          328    .ARM.Collect$$libinit$$0000001B  c_p.l(libinit2.o)
    0x0000015a   0x0000015a   0x00000000   Code   RO          330    .ARM.Collect$$libinit$$0000001D  c_p.l(libinit2.o)
    0x0000015a   0x0000015a   0x00000000   Code   RO          332    .ARM.Collect$$libinit$$0000001F  c_p.l(libinit2.o)
    0x0000015a   0x0000015a   0x00000000   Code   RO          334    .ARM.Collect$$libinit$$00000021  c_p.l(libinit2.o)
    0x0000015a   0x0000015a   0x00000000   Code   RO          336    .ARM.Collect$$libinit$$00000023  c_p.l(libinit2.o)
    0x0000015a   0x0000015a   0x00000000   Code   RO          338    .ARM.Collect$$libinit$$00000025  c_p.l(libinit2.o)
    0x0000015a   0x0000015a   0x00000000   Code   RO          340    .ARM.Collect$$libinit$$00000027  c_p.l(libinit2.o)
    0x0000015a   0x0000015a   0x00000000   Code   RO          344    .ARM.Collect$$libinit$$0000002E  c_p.l(libinit2.o)
    0x0000015a   0x0000015a   0x00000000   Code   RO          346    .ARM.Collect$$libinit$$00000030  c_p.l(libinit2.o)
    0x0000015a   0x0000015a   0x00000000   Code   RO          348    .ARM.Collect$$libinit$$00000032  c_p.l(libinit2.o)
    0x0000015a   0x0000015a   0x00000000   Code   RO          350    .ARM.Collect$$libinit$$00000034  c_p.l(libinit2.o)
    0x0000015a   0x0000015a   0x00000002   Code   RO          351    .ARM.Collect$$libinit$$00000035  c_p.l(libinit2.o)
    0x0000015c   0x0000015c   0x00000002   Code   RO          386    .ARM.Collect$$libshutdown$$00000000  c_p.l(libshutdown.o)
    0x0000015e   0x0000015e   0x00000000   Code   RO          414    .ARM.Collect$$libshutdown$$00000002  c_p.l(libshutdown2.o)
    0x0000015e   0x0000015e   0x00000000   Code   RO          416    .ARM.Collect$$libshutdown$$00000004  c_p.l(libshutdown2.o)
    0x0000015e   0x0000015e   0x00000000   Code   RO          419    .ARM.Collect$$libshutdown$$00000007  c_p.l(libshutdown2.o)
    0x0000015e   0x0000015e   0x00000000   Code   RO          422    .ARM.Collect$$libshutdown$$0000000A  c_p.l(libshutdown2.o)
    0x0000015e   0x0000015e   0x00000000   Code   RO          424    .ARM.Collect$$libshutdown$$0000000C  c_p.l(libshutdown2.o)
    0x0000015e   0x0000015e   0x00000000   Code   RO          427    .ARM.Collect$$libshutdown$$0000000F  c_p.l(libshutdown2.o)
    0x0000015e   0x0000015e   0x00000002   Code   RO          428    .ARM.Collect$$libshutdown$$00000010  c_p.l(libshutdown2.o)
    0x00000160   0x00000160   0x00000000   Code   RO          256    .ARM.Collect$$rtentry$$00000000  c_p.l(__rtentry.o)
    0x00000160   0x00000160   0x00000000   Code   RO          262    .ARM.Collect$$rtentry$$00000002  c_p.l(__rtentry2.o)
    0x00000160   0x00000160   0x00000006   Code   RO          274    .ARM.Collect$$rtentry$$00000004  c_p.l(__rtentry4.o)
    0x00000166   0x00000166   0x00000000   Code   RO          264    .ARM.Collect$$rtentry$$00000009  c_p.l(__rtentry2.o)
    0x00000166   0x00000166   0x00000004   Code   RO          265    .ARM.Collect$$rtentry$$0000000A  c_p.l(__rtentry2.o)
    0x0000016a   0x0000016a   0x00000000   Code   RO          267    .ARM.Collect$$rtentry$$0000000C  c_p.l(__rtentry2.o)
    0x0000016a   0x0000016a   0x00000008   Code   RO          268    .ARM.Collect$$rtentry$$0000000D  c_p.l(__rtentry2.o)
    0x00000172   0x00000172   0x00000002   Code   RO          297    .ARM.Collect$$rtexit$$00000000  c_p.l(rtexit.o)
    0x00000174   0x00000174   0x00000000   Code   RO          357    .ARM.Collect$$rtexit$$00000002  c_p.l(rtexit2.o)
    0x00000174   0x00000174   0x00000004   Code   RO          358    .ARM.Collect$$rtexit$$00000003  c_p.l(rtexit2.o)
    0x00000178   0x00000178   0x00000006   Code   RO          359    .ARM.Collect$$rtexit$$00000004  c_p.l(rtexit2.o)
    0x0000017e   0x0000017e   0x00000002   PAD
    0x00000180   0x00000180   0x00000038   Code   RO          244    .emb_text           c_p.l(rt_memcpy.o)
    0x000001b8   0x000001b8   0x0000003c   Code   RO          222  * .text               startup_sn32f400.o
    0x000001f4   0x000001f4   0x00000082   Code   RO          245    .text               c_p.l(rt_memcpy.o)
    0x00000276   0x00000276   0x00000002   PAD
    0x00000278   0x00000278   0x0000016c   Code   RO          248    .text               c_p.l(aeabi_sdiv.o)
    0x000003e4   0x000003e4   0x00000006   Code   RO          252    .text               c_p.l(heapauxi.o)
    0x000003ea   0x000003ea   0x0000003e   Code   RO          278    .text               c_p.l(sys_stackheap_outer.o)
    0x00000428   0x00000428   0x00000010   Code   RO          281    .text               c_p.l(exit.o)
    0x00000438   0x00000438   0x00000008   Code   RO          293    .text               c_p.l(libspace.o)
    0x00000440   0x00000440   0x0000000c   Code   RO          352    .text               c_p.l(sys_exit.o)
    0x0000044c   0x0000044c   0x00000002   Code   RO          375    .text               c_p.l(use_no_semi.o)
    0x0000044e   0x0000044e   0x00000000   Code   RO          377    .text               c_p.l(indicate_semi.o)
    0x0000044e   0x0000044e   0x00000002   PAD
    0x00000450   0x00000450   0x00000024   Code   RO          184    .text.AlarmChecksum  eeprom.o
    0x00000474   0x00000474   0x00000064   Code   RO          168    .text.Buzzer_Init   buzzer.o
    0x000004d8   0x000004d8   0x00000034   Code   RO           83    .text.Buzzer_SetOn  fsm.o
    0x0000050c   0x0000050c   0x0000005c   Code   RO          172    .text.Buzzer_SetPitch  buzzer.o
    0x00000568   0x00000568   0x0000002c   Code   RO           97    .text.Buzzer_StartAlarmPattern  fsm.o
    0x00000594   0x00000594   0x00000020   Code   RO           95    .text.Buzzer_StartPip  fsm.o
    0x000005b4   0x000005b4   0x00000024   Code   RO          170    .text.Buzzer_Stop   buzzer.o
    0x000005d8   0x000005d8   0x00000010   Code   RO          150    .text.COM_AllOff    segment.o
    0x000005e8   0x000005e8   0x0000005c   Code   RO          154    .text.COM_On        segment.o
    0x00000644   0x00000644   0x0000004c   Code   RO           93    .text.CheckAlarm    fsm.o
    0x00000690   0x00000690   0x0000000c   Code   RO          146    .text.Digital_BlinkTick  segment.o
    0x0000069c   0x0000069c   0x00000070   Code   RO          142    .text.Digital_DisplayTime  segment.o
    0x0000070c   0x0000070c   0x00000070   Code   RO          148    .text.Digital_Scan  segment.o
    0x0000077c   0x0000077c   0x0000002c   Code   RO          144    .text.Digital_SetBlink  segment.o
    0x000007a8   0x000007a8   0x00000070   Code   RO          182    .text.EEPROM_AlarmLoad  eeprom.o
    0x00000818   0x00000818   0x0000008c   Code   RO          186    .text.EEPROM_AlarmSave  eeprom.o
    0x000008a4   0x000008a4   0x00000034   Code   RO          188    .text.EEPROM_FlashErasePage  eeprom.o
    0x000008d8   0x000008d8   0x000000e4   Code   RO          190    .text.EEPROM_FlashProgramPage  eeprom.o
    0x000009bc   0x000009bc   0x00000098   Code   RO           75    .text.FSM_Init      fsm.o
    0x00000a54   0x00000a54   0x00000378   Code   RO           89    .text.FSM_Run       fsm.o
    0x00000dcc   0x00000dcc   0x00000014   Code   RO           85    .text.FSM_SendEvent  fsm.o
    0x00000de0   0x00000de0   0x0000010c   Code   RO           81    .text.FSM_Tick1ms   fsm.o
    0x00000eec   0x00000eec   0x00000058   Code   RO           10    .text.GPIO_Init     gpio.o
    0x00000f44   0x00000f44   0x00000134   Code   RO           54    .text.KeyScan       keyscan.o
    0x00001078   0x00001078   0x00000030   Code   RO           56    .text.KeyScan_Update  keyscan.o
    0x000010a8   0x000010a8   0x00000010   Code   RO          129    .text.RTC_IRQHandler  rtc.o
    0x000010b8   0x000010b8   0x00000068   Code   RO          123    .text.RTC_Init      rtc.o
    0x00001120   0x00001120   0x0000000c   Code   RO          152    .text.SEG_AllOff    segment.o
    0x0000112c   0x0000112c   0x00000030   Code   RO           62    .text.SW10_Pressed  keyscan.o
    0x0000115c   0x0000115c   0x00000030   Code   RO           64    .text.SW16_Pressed  keyscan.o
    0x0000118c   0x0000118c   0x00000030   Code   RO           58    .text.SW3_Pressed   keyscan.o
    0x000011bc   0x000011bc   0x00000034   Code   RO           60    .text.SW6_Pressed   keyscan.o
    0x000011f0   0x000011f0   0x00000050   Code   RO          204    .text.SysTick_Config  main.o
    0x00001240   0x00001240   0x00000040   Code   RO          200    .text.SysTick_Handler  main.o
    0x00001280   0x00001280   0x00000054   Code   RO           91    .text.TimeIncrement  fsm.o
    0x000012d4   0x000012d4   0x00000050   Code   RO           79    .text.UpdateBlink   fsm.o
    0x00001324   0x00001324   0x00000050   Code   RO           77    .text.UpdateDisplay  fsm.o
    0x00001374   0x00001374   0x00000028   Code   RO           18    .text.WDT_IRQHandler  wdt.o
    0x0000139c   0x0000139c   0x0000002c   Code   RO          125    .text.__NVIC_ClearPendingIRQ  rtc.o
    0x000013c8   0x000013c8   0x0000002c   Code   RO          127    .text.__NVIC_EnableIRQ  rtc.o
    0x000013f4   0x000013f4   0x00000084   Code   RO          206    .text.__NVIC_SetPriority  main.o
    0x00001478   0x00001478   0x000000f4   Code   RO          202    .text.main          main.o
    0x0000156c   0x0000156c   0x00000010   Data   RO          156    .rodata.SEGMENT_TABLE  segment.o
    0x0000157c   0x0000157c   0x00000020   Data   RO          430    Region$$Table       anon$$obj.o


    Execution Region ER_RW (Exec base: 0x20000000, Load base: 0x0000159c, Size: 0x00000004, Max: 0xffffffff, ABSOLUTE)

    Exec Addr    Load Addr    Size         Type   Attr      Idx    E Section Name        Object

    0x20000000   0x0000159c   0x00000001   Data   RW          101    .data.g_hour        fsm.o


    Execution Region ER_ZI (Exec base: 0x20000008, Load base: 0x000015a0, Size: 0x00000490, Max: 0xffffffff, ABSOLUTE)

    Exec Addr    Load Addr    Size         Type   Attr      Idx    E Section Name        Object

    0x20000008        -       0x00000060   Zero   RW          294    .bss                c_p.l(libspace.o)
    0x20000068        -       0x00000001   Zero   RW          158    .bss.blink_mask     segment.o
    0x20000069        -       0x00000001   Zero   RW          159    .bss.blink_state    segment.o
    0x2000006a        -       0x00000001   Zero   RW          160    .bss.com_scan       segment.o
    0x2000006b        -       0x00000001   Zero   RW          107    .bss.g_alarm_active  fsm.o
    0x2000006c        -       0x00000001   Zero   RW          105    .bss.g_alarm_hour   fsm.o
    0x2000006d        -       0x00000001   Zero   RW          106    .bss.g_alarm_minute  fsm.o
    0x2000006e        -       0x00000001   Zero   RW          113    .bss.g_alarm_save_pending  fsm.o
    0x2000006f        -       0x00000001   Zero   RW          114    .bss.g_alarm_saved_hour  fsm.o
    0x20000070        -       0x00000001   Zero   RW          115    .bss.g_alarm_saved_minute  fsm.o
    0x20000071   0x000015a0   0x00000001   PAD
    0x20000072        -       0x00000002   Zero   RW          111    .bss.g_buzzer_alarm_phase_ms  fsm.o
    0x20000074        -       0x00000002   Zero   RW          110    .bss.g_buzzer_alarm_total_ms  fsm.o
    0x20000076        -       0x00000001   Zero   RW          108    .bss.g_buzzer_mode  fsm.o
    0x20000077   0x000015a0   0x00000001   PAD
    0x20000078        -       0x00000002   Zero   RW          109    .bss.g_buzzer_ms    fsm.o
    0x2000007a        -       0x00000001   Zero   RW          112    .bss.g_buzzer_on    fsm.o
    0x2000007b        -       0x00000001   Zero   RW          100    .bss.g_event        fsm.o
    0x2000007c        -       0x00000001   Zero   RW          210    .bss.g_flag_500ms   main.o
    0x2000007d        -       0x00000001   Zero   RW          209    .bss.g_flag_scan    main.o
    0x2000007e        -       0x00000001   Zero   RW          102    .bss.g_minute       fsm.o
    0x2000007f        -       0x00000001   Zero   RW          103    .bss.g_second       fsm.o
    0x20000080        -       0x00000001   Zero   RW           99    .bss.g_state        fsm.o
    0x20000081   0x000015a0   0x00000003   PAD
    0x20000084        -       0x00000004   Zero   RW          208    .bss.g_tick_ms      main.o
    0x20000088        -       0x00000001   Zero   RW          104    .bss.g_timeout_cnt  fsm.o
    0x20000089   0x000015a0   0x00000001   PAD
    0x2000008a        -       0x00000002   Zero   RW           66    .bss.key_last       keyscan.o
    0x2000008c        -       0x00000002   Zero   RW           67    .bss.key_press_edge  keyscan.o
    0x2000008e        -       0x00000001   Zero   RW          174    .bss.s_buzzer_enabled  buzzer.o
    0x2000008f        -       0x00000200   Zero   RW          192    .bss.s_page_buf     eeprom.o
    0x2000028f        -       0x00000004   Zero   RW          157    .bss.segment_buff   segment.o
    0x20000293   0x000015a0   0x00000005   PAD
    0x20000298        -       0x00000000   Zero   RW          219    HEAP                startup_sn32f400.o
    0x20000298        -       0x00000200   Zero   RW          218    STACK               startup_sn32f400.o



  Load Region LR$$.ARM.__at_0x00007FFC (Base: 0x00007ffc, Size: 0x00000004, Max: 0x00000004, ABSOLUTE)

    Execution Region ER$$.ARM.__at_0x00007FFC (Exec base: 0x00007ffc, Load base: 0x00007ffc, Size: 0x00000004, Max: 0x00000004, ABSOLUTE, UNINIT)

    Exec Addr    Load Addr    Size         Type   Attr      Idx    E Section Name        Object

    0x00007ffc   0x00007ffc   0x00000004   Code   RO          221    .ARM.__at_0x00007FFC  startup_sn32f400.o


==============================================================================

Image component sizes


      Code (inc. data)   RO Data    RW Data    ZI Data      Debug   Object Name

       228         48          0          0          1       9530   buzzer.o
       568         32          0          0        512       3041   eeprom.o
      1776        236          0          1         19       4254   fsm.o
        88         20          0          0          0       8492   gpio.o
       552         16          0          0          4       7650   keyscan.o
       520         44          0          0          6       3358   main.o
       208         40          0          0          0       4370   rtc.o
       400         52         16          0          7       7984   segment.o
        64         32        192          0        512        912   startup_sn32f400.o
        40         16          0          0          0       3575   wdt.o

    ----------------------------------------------------------------------
      4444        536        240          4       1072      53166   Object Totals
         0          0         32          0          0          0   (incl. Generated)
         0          0          0          3         11          0   (incl. Padding)

    ----------------------------------------------------------------------

      Code (inc. data)   RO Data    RW Data    ZI Data      Debug   Library Member Name

         8          0          0          0          0         68   __main.o
         0          0          0          0          0          0   __rtentry.o
        12          0          0          0          0          0   __rtentry2.o
         6          0          0          0          0          0   __rtentry4.o
        86         10          0          0          0          0   __scatter.o
        26          0          0          0          0          0   __scatter_copy.o
        28          0          0          0          0          0   __scatter_zi.o
       364          4          0          0          0         92   aeabi_sdiv.o
        16          0          0          0          0         68   exit.o
         6          0          0          0          0        136   heapauxi.o
         0          0          0          0          0          0   indicate_semi.o
         2          0          0          0          0          0   libinit.o
         2          0          0          0          0          0   libinit2.o
         2          0          0          0          0          0   libshutdown.o
         2          0          0          0          0          0   libshutdown2.o
         8          4          0          0         96         68   libspace.o
       186          0          0          0          0        144   rt_memcpy.o
         2          0          0          0          0          0   rtexit.o
        10          0          0          0          0          0   rtexit2.o
        12          4          0          0          0         60   sys_exit.o
        62          0          0          0          0         80   sys_stackheap_outer.o
         2          0          0          0          0         68   use_no_semi.o

    ----------------------------------------------------------------------
       852         22          0          0         96        784   Library Totals
        10          0          0          0          0          0   (incl. Padding)

    ----------------------------------------------------------------------

      Code (inc. data)   RO Data    RW Data    ZI Data      Debug   Library Name

       842         22          0          0         96        784   c_p.l

    ----------------------------------------------------------------------
       852         22          0          0         96        784   Library Totals

    ----------------------------------------------------------------------

==============================================================================


      Code (inc. data)   RO Data    RW Data    ZI Data      Debug   

      5296        558        240          4       1168      53618   Grand Totals
      5296        558        240          4       1168      53618   ELF Image Totals
      5296        558        240          4          0          0   ROM Totals

==============================================================================

    Total RO  Size (Code + RO Data)                 5536 (   5.41kB)
    Total RW  Size (RW Data + ZI Data)              1172 (   1.14kB)
    Total ROM Size (Code + RO Data + RW Data)       5540 (   5.41kB)

==============================================================================

